<html>
<body>
<pre>
<h1>µVision Build Log</h1>
<h2>Tool Versions:</h2>
IDE-Version: µVision V5.28.0.0
Copyright (C) 2019 ARM Ltd and ARM Germany GmbH. All rights reserved.
License Information: The Repackager University Flex license: MDK-ARM Professional: 200 user(s) (mdk_pro) Operation stops: 20 Jun 2020
 
Tool Versions:
Toolchain:       MDK-ARM Professional: 200 user(s)  Version: 5.28.0.0
Toolchain Path:  C:\Program Files\KEIL\ARM\ARMCC\Bin
C Compiler:      Armcc.exe V5.06 update 6 (build 750)
Assembler:       Armasm.exe V5.06 update 6 (build 750)
Linker/Locator:  ArmLink.exe V5.06 update 6 (build 750)
Library Manager: ArmAr.exe V5.06 update 6 (build 750)
Hex Converter:   FromElf.exe V5.06 update 6 (build 750)
CPU DLL:         SARMCM3.DLL V5.28.0.0
Dialog DLL:      DCM.DLL V1.17.3.0
Target DLL:      STLink\ST-LINKIII-KEIL_SWO.dll V3.0.6.0
Dialog DLL:      TCM.DLL V1.36.2.0
 
<h2>Project:</h2>
C:\Users\malifarah\Downloads\ELEC240-master\ELEC240-master\ELEC240-master\ADC Example Code\ADC Example Code\Lab7 ADC code.uvprojx
Project File Date:  01/06/2020

<h2>Output:</h2>
*** Using Compiler 'V5.06 update 6 (build 750)', folder: 'C:\Program Files\KEIL\ARM\ARMCC\Bin'
Build target 'Target 1'
compiling switch.c...
switch.c(24): warning:  #1-D: last line of file ends without a newline
  }
switch.c: 1 warning, 0 errors
compiling Interrupts.c...
Interrupts.h(19): warning:  #1-D: last line of file ends without a newline
  #endif		
switch.h(4): warning:  #1295-D: Deprecated declaration pressed - give arg types
  void pressed(); // function for switch bounce
Interrupts.c: 2 warnings, 0 errors
linking...
Program Size: Code=14986 RO-data=942 RW-data=48 ZI-data=1632  
".\Objects\Lab7 ADC code.axf" - 0 Error(s), 3 Warning(s).

<h2>Software Packages used:</h2>

Package Vendor: ARM
                http://www.keil.com/pack/ARM.CMSIS.5.6.0.pack
                ARM.CMSIS.5.6.0
                CMSIS (Cortex Microcontroller Software Interface Standard)
   * Component: CORE Version: 5.3.0

Package Vendor: Keil
                http://www.keil.com/pack/Keil.STM32F4xx_DFP.2.14.0.pack
                Keil.STM32F4xx_DFP.2.14.0
                STMicroelectronics STM32F4 Series Device Support, Drivers and Examples
   * Component: Startup Version: 2.6.3

<h2>Collection of Component include folders:</h2>
  .\RTE\_Target_1
  C:\Program Files\KEIL\ARM\PACK\ARM\CMSIS\5.6.0\CMSIS\Core\Include
  C:\Program Files\KEIL\ARM\PACK\Keil\STM32F4xx_DFP\2.14.0\Drivers\CMSIS\Device\ST\STM32F4xx\Include

<h2>Collection of Component Files used:</h2>

   * Component: ARM::CMSIS:CORE:5.3.0

   * Component: Keil::Device:Startup:2.6.3
      Source file:   MDK\Device\Source\ARM\STM32F4xx_OTP.s
      Include file:  Drivers\CMSIS\Device\ST\STM32F4xx\Include\stm32f4xx.h
      Source file:   MDK\Device\Source\ARM\STM32F42xxx_43xxx_OPT.s
      Source file:   Drivers\CMSIS\Device\ST\STM32F4xx\Source\Templates\arm\startup_stm32f429xx.s
      Source file:   Drivers\CMSIS\Device\ST\STM32F4xx\Source\Templates\system_stm32f4xx.c
Build Time Elapsed:  00:00:02
</pre>
</body>
</html>
