Component: ARM Compiler 5.06 update 6 (build 750) Tool: armlink [4d35ed]

==============================================================================

Section Cross References

    adc.o(i.ActualVoltage) refers to _printf_percent.o(.ARM.Collect$$_printf_percent$$00000000) for _printf_percent
    adc.o(i.ActualVoltage) refers to _printf_f.o(.ARM.Collect$$_printf_percent$$00000003) for _printf_f
    adc.o(i.ActualVoltage) refers to printf1.o(x$fpl$printf1) for _printf_fp_dec
    adc.o(i.ActualVoltage) refers to dflt_clz.o(x$fpl$dflt) for __aeabi_i2d
    adc.o(i.ActualVoltage) refers to dmul.o(x$fpl$dmul) for __aeabi_dmul
    adc.o(i.ActualVoltage) refers to ddiv.o(x$fpl$ddiv) for __aeabi_ddiv
    adc.o(i.ActualVoltage) refers to d2f.o(x$fpl$d2f) for __aeabi_d2f
    adc.o(i.ActualVoltage) refers to f2d.o(x$fpl$f2d) for __aeabi_f2d
    adc.o(i.ActualVoltage) refers to noretval__2sprintf.o(.text) for __2sprintf
    adc.o(i.ActualVoltage) refers to lcd.o(i.cmdLCD) for cmdLCD
    adc.o(i.ActualVoltage) refers to drleqf.o(x$fpl$drleqf) for __aeabi_cdrcmple
    adc.o(i.ActualVoltage) refers to dleqf.o(x$fpl$dleqf) for __aeabi_cdcmple
    adc.o(i.ActualVoltage) refers to lcd.o(i.putLCD) for putLCD
    adc.o(i.ActualVoltage) refers to strlen.o(.text) for strlen
    adc.o(i.AnalogueSignal) refers to lcd.o(i.cmdLCD) for cmdLCD
    adc.o(i.AnalogueSignal) refers to lcd.o(i.putLCD) for putLCD
    main.o(i.main) refers to main.o(i.PLL_Config) for PLL_Config
    main.o(i.main) refers to system_stm32f4xx.o(i.SystemCoreClockUpdate) for SystemCoreClockUpdate
    main.o(i.main) refers to adc.o(i.init_ADC) for init_ADC
    main.o(i.main) refers to dac.o(i.init_DAC) for init_DAC
    main.o(i.main) refers to lcd.o(i.initLCD) for initLCD
    main.o(i.main) refers to interrupts.o(i.Timer2setup) for Timer2setup
    main.o(i.main) refers to interrupts.o(i.button2) for button2
    main.o(i.main) refers to led.o(i.LED_INIT) for LED_INIT
    main.o(i.main) refers to usart.o(i.init_USART) for init_USART
    main.o(i.main) refers to usart.o(i.UsartMenu) for UsartMenu
    main.o(i.main) refers to interrupts.o(i.UsartInterrupt) for UsartInterrupt
    main.o(i.main) refers to interrupts.o(i.Timer3setup) for Timer3setup
    lcd.o(i.LCD_strobe) refers to lcd.o(i.lcd_delayus) for lcd_delayus
    lcd.o(i.WaitLcdBusy) refers to lcd.o(i.lcd_delayus) for lcd_delayus
    lcd.o(i.cmdLCD) refers to lcd.o(i.WaitLcdBusy) for WaitLcdBusy
    lcd.o(i.cmdLCD) refers to lcd.o(i.set_LCD_data) for set_LCD_data
    lcd.o(i.cmdLCD) refers to lcd.o(i.LCD_strobe) for LCD_strobe
    lcd.o(i.initLCD) refers to system_stm32f4xx.o(i.SystemCoreClockUpdate) for SystemCoreClockUpdate
    lcd.o(i.initLCD) refers to lcd.o(i.lcd_delayus) for lcd_delayus
    lcd.o(i.initLCD) refers to lcd.o(i.cmdLCD) for cmdLCD
    lcd.o(i.lcd_delayus) refers to system_stm32f4xx.o(.data) for SystemCoreClock
    lcd.o(i.putLCD) refers to lcd.o(i.WaitLcdBusy) for WaitLcdBusy
    lcd.o(i.putLCD) refers to lcd.o(i.set_LCD_data) for set_LCD_data
    lcd.o(i.putLCD) refers to lcd.o(i.LCD_strobe) for LCD_strobe
    interrupts.o(i.EXTI15_10_IRQHandler) refers to switch.o(i.pressed) for pressed
    interrupts.o(i.EXTI15_10_IRQHandler) refers to interrupts.o(.data) for count1
    interrupts.o(i.TIM2_IRQHandler) refers to adc.o(i.read_adc) for read_adc
    interrupts.o(i.TIM2_IRQHandler) refers to dac.o(i.output_dac) for output_dac
    interrupts.o(i.TIM2_IRQHandler) refers to adc.o(i.AnalogueSignal) for AnalogueSignal
    interrupts.o(i.TIM2_IRQHandler) refers to adc.o(i.ActualVoltage) for ActualVoltage
    interrupts.o(i.TIM2_IRQHandler) refers to led.o(i.Toggle_Red) for Toggle_Red
    interrupts.o(i.TIM2_IRQHandler) refers to usart.o(i.USART_SendString) for USART_SendString
    interrupts.o(i.TIM2_IRQHandler) refers to usart.o(i.DisplayVoltageUsart) for DisplayVoltageUsart
    interrupts.o(i.TIM2_IRQHandler) refers to usart.o(i.AnalogueSignalUsart) for AnalogueSignalUsart
    interrupts.o(i.TIM2_IRQHandler) refers to usart.o(i.SquareWaveUsart) for SquareWaveUsart
    interrupts.o(i.TIM2_IRQHandler) refers to usart.o(i.TriangleWaveUsart) for TriangleWaveUsart
    interrupts.o(i.TIM2_IRQHandler) refers to usart.o(i.SineWaveUsart) for SineWaveUsart
    interrupts.o(i.TIM2_IRQHandler) refers to main.o(.data) for ADC_DATA
    interrupts.o(i.TIM2_IRQHandler) refers to interrupts.o(.data) for buffer
    interrupts.o(i.UsartInterrupt) refers to interrupts.o(i.__NVIC_EnableIRQ) for __NVIC_EnableIRQ
    interrupts.o(i.button2) refers to interrupts.o(i.__NVIC_EnableIRQ) for __NVIC_EnableIRQ
    interrupts.o(i.dash) refers to led.o(i.Toggle_Blue) for Toggle_Blue
    interrupts.o(i.dash) refers to interrupts.o(.data) for done
    interrupts.o(i.dot) refers to led.o(i.Toggle_Blue) for Toggle_Blue
    interrupts.o(i.dot) refers to interrupts.o(.data) for done
    led.o(i.Toggle_Blue) refers to led.o(i.blue_on) for blue_on
[...]
    ../clib/printf.c                         0x00000000   Number         0  _printf_char_common.o ABSOLUTE
    ../clib/printf.c                         0x00000000   Number         0  __printf_wp.o ABSOLUTE
    ../clib/printf.c                         0x00000000   Number         0  __printf_flags_wp.o ABSOLUTE
    ../clib/printf.c                         0x00000000   Number         0  _sputc.o ABSOLUTE
    ../clib/printf.c                         0x00000000   Number         0  __printf_nopercent.o ABSOLUTE
    ../clib/printf.c                         0x00000000   Number         0  __printf_ss_wp.o ABSOLUTE
    ../clib/printf.c                         0x00000000   Number         0  _printf_fp_infnan.o ABSOLUTE
    ../clib/printf.c                         0x00000000   Number         0  __printf_flags_ss_wp.o ABSOLUTE
    ../clib/printf.c                         0x00000000   Number         0  __printf_ss.o ABSOLUTE
    ../clib/printf.c                         0x00000000   Number         0  __2sprintf.o ABSOLUTE
    ../clib/printf.c                         0x00000000   Number         0  noretval__2sprintf.o ABSOLUTE
    ../clib/printf.c                         0x00000000   Number         0  __printf.o ABSOLUTE
    ../clib/printf.c                         0x00000000   Number         0  __printf_flags.o ABSOLUTE
    ../clib/printf.c                         0x00000000   Number         0  _printf_fp_dec.o ABSOLUTE
    ../clib/printf.c                         0x00000000   Number         0  __printf_flags_ss.o ABSOLUTE
    ../clib/printf_percent.s                 0x00000000   Number         0  _printf_f.o ABSOLUTE
    ../clib/printf_percent.s                 0x00000000   Number         0  _printf_percent.o ABSOLUTE
    ../clib/printf_percent.s                 0x00000000   Number         0  _printf_percent_end.o ABSOLUTE
    ../clib/signal.c                         0x00000000   Number         0  defsig_general.o ABSOLUTE
    ../clib/signal.c                         0x00000000   Number         0  defsig_fpe_inner.o ABSOLUTE
    ../clib/signal.c                         0x00000000   Number         0  __raise.o ABSOLUTE
    ../clib/signal.c                         0x00000000   Number         0  defsig_rtmem_outer.o ABSOLUTE
    ../clib/signal.c                         0x00000000   Number         0  defsig_rtmem_inner.o ABSOLUTE
    ../clib/signal.c                         0x00000000   Number         0  defsig_exit.o ABSOLUTE
    ../clib/signal.c                         0x00000000   Number         0  defsig_rtred_inner.o ABSOLUTE
    ../clib/signal.c                         0x00000000   Number         0  defsig_cppl_inner.o ABSOLUTE
    ../clib/signal.c                         0x00000000   Number         0  defsig_other.o ABSOLUTE
    ../clib/signal.c                         0x00000000   Number         0  defsig_pvfn_inner.o ABSOLUTE
    ../clib/signal.c                         0x00000000   Number         0  defsig_segv_inner.o ABSOLUTE
    ../clib/signal.c                         0x00000000   Number         0  defsig_abrt_inner.o ABSOLUTE
    ../clib/signal.c                         0x00000000   Number         0  defsig_rtmem_formal.o ABSOLUTE
    ../clib/signal.c                         0x00000000   Number         0  defsig_stak_inner.o ABSOLUTE
    ../clib/signal.s                         0x00000000   Number         0  defsig.o ABSOLUTE
    ../clib/stdlib.c                         0x00000000   Number         0  exit.o ABSOLUTE
    ../clib/string.c                         0x00000000   Number         0  strlen.o ABSOLUTE
    ../fplib/basic.s                         0x00000000   Number         0  basic.o ABSOLUTE
    ../fplib/d2f.s                           0x00000000   Number         0  d2f.o ABSOLUTE
    ../fplib/daddsub.s                       0x00000000   Number         0  daddsub_clz.o ABSOLUTE
    ../fplib/dcmpi.s                         0x00000000   Number         0  dcmpi.o ABSOLUTE
    ../fplib/ddiv.s                          0x00000000   Number         0  ddiv.o ABSOLUTE
    ../fplib/dfix.s                          0x00000000   Number         0  dfix.o ABSOLUTE
    ../fplib/dflt.s                          0x00000000   Number         0  dflt_clz.o ABSOLUTE
    ../fplib/dleqf.s                         0x00000000   Number         0  dleqf.o ABSOLUTE
    ../fplib/dmul.s                          0x00000000   Number         0  dmul.o ABSOLUTE
    ../fplib/dnaninf.s                       0x00000000   Number         0  dnaninf.o ABSOLUTE
    ../fplib/dretinf.s                       0x00000000   Number         0  dretinf.o ABSOLUTE
    ../fplib/drleqf.s                        0x00000000   Number         0  drleqf.o ABSOLUTE
    ../fplib/f2d.s                           0x00000000   Number         0  f2d.o ABSOLUTE
    ../fplib/fnaninf.s                       0x00000000   Number         0  fnaninf.o ABSOLUTE
    ../fplib/fpinit.s                        0x00000000   Number         0  fpinit.o ABSOLUTE
    ../fplib/fretinf.s                       0x00000000   Number         0  fretinf.o ABSOLUTE
    ../fplib/istatus.s                       0x00000000   Number         0  istatus.o ABSOLUTE
    ../fplib/printf1.s                       0x00000000   Number         0  printf1.o ABSOLUTE
    ../fplib/usenofp.s                       0x00000000   Number         0  usenofp.o ABSOLUTE
    ../mathlib/cos_i.c                       0x00000000   Number         0  cos_i.o ABSOLUTE
    ../mathlib/dunder.c                      0x00000000   Number         0  dunder.o ABSOLUTE
    ../mathlib/fabs.c                        0x00000000   Number         0  fabs.o ABSOLUTE
    ../mathlib/fpclassify.c                  0x00000000   Number         0  fpclassify.o ABSOLUTE
    ../mathlib/poly.c                        0x00000000   Number         0  poly.o ABSOLUTE
    ../mathlib/rred.c                        0x00000000   Number         0  rred.o ABSOLUTE
    ../mathlib/sin.c                         0x00000000   Number         0  sin_x.o ABSOLUTE
    ../mathlib/sin.c                         0x00000000   Number         0  sin.o ABSOLUTE
    ../mathlib/sin_i.c                       0x00000000   Number         0  sin_i.o ABSOLUTE
    ../mathlib/sin_i.c                       0x00000000   Number         0  sin_i_x.o ABSOLUTE
    ADC.c                                    0x00000000   Number         0  adc.o ABSOLUTE
    ADC.c                                    0x00000000   Number         0  adc.o ABSOLUTE
    DAC.c                                    0x00000000   Number         0  dac.o ABSOLUTE
    DAC.c                                    0x00000000   Number         0  dac.o ABSOLUTE
    Interrupts.c                             0x00000000   Number         0  interrupts.o ABSOLUTE
    Interrupts.c                             0x00000000   Number         0  interrupts.o ABSOLUTE
    LED.c                                    0x00000000   Number         0  led.o ABSOLUTE
    LED.c                                    0x00000000   Number         0  led.o ABSOLUTE
    RTE\Device\STM32F429ZITx\startup_stm32f429xx.s 0x00000000   Number         0  startup_stm32f429xx.o ABSOLUTE
    RTE\Device\STM32F429ZITx\system_stm32f4xx.c 0x00000000   Number         0  system_stm32f4xx.o ABSOLUTE
    RTE\\Device\\STM32F429ZITx\\system_stm32f4xx.c 0x00000000   Number         0  system_stm32f4xx.o ABSOLUTE
    USART.c                                  0x00000000   Number         0  usart.o ABSOLUTE
    USART.c                                  0x00000000   Number         0  usart.o ABSOLUTE
    dc.s                                     0x00000000   Number         0  dc.o ABSOLUTE
    lcd.c                                    0x00000000   Number         0  lcd.o ABSOLUTE
    lcd.c                                    0x00000000   Number         0  lcd.o ABSOLUTE
    main.c                                   0x00000000   Number         0  main.o ABSOLUTE
    main.c                                   0x00000000   Number         0  main.o ABSOLUTE
    switch.c                                 0x00000000   Number         0  switch.o ABSOLUTE
    switch.c                                 0x00000000   Number         0  switch.o ABSOLUTE
    RESET                                    0x08000000   Section      428  startup_stm32f429xx.o(RESET)
    !!!main                                  0x080001ac   Section        8  __main.o(!!!main)
    !!!scatter                               0x080001b4   Section       52  __scatter.o(!!!scatter)
    !!handler_copy                           0x080001e8   Section       26  __scatter_copy.o(!!handler_copy)
    !!handler_zi                             0x08000204   Section       28  __scatter_zi.o(!!handler_zi)
    .ARM.Collect$$_printf_percent$$00000000  0x08000220   Section        0  _printf_percent.o(.ARM.Collect$$_printf_percent$$00000000)
    .ARM.Collect$$_printf_percent$$00000003  0x08000220   Section        6  _printf_f.o(.ARM.Collect$$_printf_percent$$00000003)
    .ARM.Collect$$_printf_percent$$00000017  0x08000226   Section        4  _printf_percent_end.o(.ARM.Collect$$_printf_percent$$00000017)
    .ARM.Collect$$libinit$$00000000          0x0800022a   Section        2  libinit.o(.ARM.Collect$$libinit$$00000000)
    .ARM.Collect$$libinit$$00000001          0x0800022c   Section        4  libinit2.o(.ARM.Collect$$libinit$$00000001)
    .ARM.Collect$$libinit$$00000004          0x08000230   Section        0  libinit2.o(.ARM.Collect$$libinit$$00000004)
    .ARM.Collect$$libinit$$0000000A          0x08000230   Section        0  libinit2.o(.ARM.Collect$$libinit$$0000000A)
    .ARM.Collect$$libinit$$0000000C          0x08000230   Section        0  libinit2.o(.ARM.Collect$$libinit$$0000000C)
    .ARM.Collect$$libinit$$0000000E          0x08000230   Section        0  libinit2.o(.ARM.Collect$$libinit$$0000000E)
    .ARM.Collect$$libinit$$0000000F          0x08000230   Section        6  libinit2.o(.ARM.Collect$$libinit$$0000000F)
    .ARM.Collect$$libinit$$00000011          0x08000236   Section        0  libinit2.o(.ARM.Collect$$libinit$$00000011)
    .ARM.Collect$$libinit$$00000013          0x08000236   Section        0  libinit2.o(.ARM.Collect$$libinit$$00000013)
    .ARM.Collect$$libinit$$00000015          0x08000236   Section        0  libinit2.o(.ARM.Collect$$libinit$$00000015)
    .ARM.Collect$$libinit$$00000016          0x08000236   Section       10  libinit2.o(.ARM.Collect$$libinit$$00000016)
    .ARM.Collect$$libinit$$00000017          0x08000240   Section        0  libinit2.o(.ARM.Collect$$libinit$$00000017)
    .ARM.Collect$$libinit$$00000019          0x08000240   Section        0  libinit2.o(.ARM.Collect$$libinit$$00000019)
    .ARM.Collect$$libinit$$0000001B          0x08000240   Section        0  libinit2.o(.ARM.Collect$$libinit$$0000001B)
    .ARM.Collect$$libinit$$0000001D          0x08000240   Section        0  libinit2.o(.ARM.Collect$$libinit$$0000001D)
    .ARM.Collect$$libinit$$0000001F          0x08000240   Section        0  libinit2.o(.ARM.Collect$$libinit$$0000001F)
    .ARM.Collect$$libinit$$00000021          0x08000240   Section        0  libinit2.o(.ARM.Collect$$libinit$$00000021)
    .ARM.Collect$$libinit$$00000023          0x08000240   Section        0  libinit2.o(.ARM.Collect$$libinit$$00000023)
    .ARM.Collect$$libinit$$00000025          0x08000240   Section        0  libinit2.o(.ARM.Collect$$libinit$$00000025)
    .ARM.Collect$$libinit$$0000002C          0x08000240   Section        0  libinit2.o(.ARM.Collect$$libinit$$0000002C)
    .ARM.Collect$$libinit$$0000002E          0x08000240   Section        0  libinit2.o(.ARM.Collect$$libinit$$0000002E)
    .ARM.Collect$$libinit$$00000030          0x08000240   Section        0  libinit2.o(.ARM.Collect$$libinit$$00000030)
    .ARM.Collect$$libinit$$00000032          0x08000240   Section        0  libinit2.o(.ARM.Collect$$libinit$$00000032)
    .ARM.Collect$$libinit$$00000033          0x08000240   Section        2  libinit2.o(.ARM.Collect$$libinit$$00000033)
    .ARM.Collect$$libshutdown$$00000000      0x08000242   Section        2  libshutdown.o(.ARM.Collect$$libshutdown$$00000000)
    .ARM.Collect$$libshutdown$$00000002      0x08000244   Section        0  libshutdown2.o(.ARM.Collect$$libshutdown$$00000002)
    .ARM.Collect$$libshutdown$$00000004      0x08000244   Section        0  libshutdown2.o(.ARM.Collect$$libshutdown$$00000004)
    .ARM.Collect$$libshutdown$$00000007      0x08000244   Section        0  libshutdown2.o(.ARM.Collect$$libshutdown$$00000007)
    .ARM.Collect$$libshutdown$$0000000A      0x08000244   Section        0  libshutdown2.o(.ARM.Collect$$libshutdown$$0000000A)
    .ARM.Collect$$libshutdown$$0000000C      0x08000244   Section        0  libshutdown2.o(.ARM.Collect$$libshutdown$$0000000C)
    .ARM.Collect$$libshutdown$$0000000F      0x08000244   Section        0  libshutdown2.o(.ARM.Collect$$libshutdown$$0000000F)
    .ARM.Collect$$libshutdown$$00000010      0x08000244   Section        2  libshutdown2.o(.ARM.Collect$$libshutdown$$00000010)
    .ARM.Collect$$rtentry$$00000000          0x08000246   Section        0  __rtentry.o(.ARM.Collect$$rtentry$$00000000)
    .ARM.Collect$$rtentry$$00000002          0x08000246   Section        0  __rtentry2.o(.ARM.Collect$$rtentry$$00000002)
    .ARM.Collect$$rtentry$$00000004          0x08000246   Section        6  __rtentry4.o(.ARM.Collect$$rtentry$$00000004)
    .ARM.Collect$$rtentry$$00000009          0x0800024c   Section        0  __rtentry2.o(.ARM.Collect$$rtentry$$00000009)
    .ARM.Collect$$rtentry$$0000000A          0x0800024c   Section        4  __rtentry2.o(.ARM.Collect$$rtentry$$0000000A)
    .ARM.Collect$$rtentry$$0000000C          0x08000250   Section        0  __rtentry2.o(.ARM.Collect$$rtentry$$0000000C)
    .ARM.Collect$$rtentry$$0000000D          0x08000250   Section        8  __rtentry2.o(.ARM.Collect$$rtentry$$0000000D)
    .ARM.Collect$$rtexit$$00000000           0x08000258   Section        2  rtexit.o(.ARM.Collect$$rtexit$$00000000)
    .ARM.Collect$$rtexit$$00000002           0x0800025a   Section        0  rtexit2.o(.ARM.Collect$$rtexit$$00000002)
    .ARM.Collect$$rtexit$$00000003           0x0800025a   Section        4  rtexit2.o(.ARM.Collect$$rtexit$$00000003)
    .ARM.Collect$$rtexit$$00000004           0x0800025e   Section        6  rtexit2.o(.ARM.Collect$$rtexit$$00000004)
    .text                                    0x08000264   Section       64  startup_stm32f429xx.o(.text)
    $v0                                      0x08000264   Number         0  startup_stm32f429xx.o(.text)
    .text                                    0x080002a4   Section        0  noretval__2sprintf.o(.text)
    .text                                    0x080002cc   Section        0  __printf_wp.o(.text)
    .text                                    0x080003da   Section        0  strlen.o(.text)
    .text                                    0x08000418   Section        0  heapauxi.o(.text)
    .text                                    0x0800041e   Section        0  _rserrno.o(.text)
    .text                                    0x08000434   Section        0  _printf_fp_dec.o(.text)
    _fp_digits                               0x08000437   Thumb Code   432  _printf_fp_dec.o(.text)
    .text                                    0x08000854   Section        0  _printf_char_common.o(.text)
    _printf_input_char                       0x08000855   Thumb Code    10  _printf_char_common.o(.text)
    .text                                    0x08000884   Section        0  _sputc.o(.text)
    .text                                    0x08000890   Section        8  rt_locale_intlibspace.o(.text)
    .text                                    0x08000898   Section        8  rt_errno_addr_intlibspace.o(.text)
    .text                                    0x080008a0   Section      138  lludiv10.o(.text)
    .text                                    0x0800092c   Section        0  _printf_fp_infnan.o(.text)
    .text                                    0x080009ac   Section        0  bigflt0.o(.text)
    .text                                    0x08000a90   Section        8  libspace.o(.text)
    .text                                    0x08000a98   Section       74  sys_stackheap_outer.o(.text)
    .text                                    0x08000ae2   Section        0  exit.o(.text)
    .text                                    0x08000af4   Section      128  strcmpv7m.o(.text)
    .text                                    0x08000b74   Section        0  sys_exit.o(.text)
    .text                                    0x08000b80   Section        2  use_no_semi.o(.text)
    .text                                    0x08000b82   Section        0  indicate_semi.o(.text)
    CL$$btod_d2e                             0x08000b82   Section       62  btod.o(CL$$btod_d2e)
    CL$$btod_d2e_denorm_low                  0x08000bc0   Section       70  btod.o(CL$$btod_d2e_denorm_low)
    CL$$btod_d2e_norm_op1                    0x08000c06   Section       96  btod.o(CL$$btod_d2e_norm_op1)
    CL$$btod_div_common                      0x08000c66   Section      824  btod.o(CL$$btod_div_common)
    CL$$btod_e2e                             0x08000f9e   Section      220  btod.o(CL$$btod_e2e)
    CL$$btod_ediv                            0x0800107a   Section       42  btod.o(CL$$btod_ediv)
    CL$$btod_emul                            0x080010a4   Section       42  btod.o(CL$$btod_emul)
    CL$$btod_mult_common                     0x080010ce   Section      580  btod.o(CL$$btod_mult_common)
    i.ActualVoltage                          0x08001314   Section        0  adc.o(i.ActualVoltage)
    i.AnalogueSignal                         0x0800140c   Section        0  adc.o(i.AnalogueSignal)
    i.AnalogueSignalUsart                    0x08001970   Section        0  usart.o(i.AnalogueSignalUsart)
    i.DisplayVoltageUsart                    0x080019c4   Section        0  usart.o(i.DisplayVoltageUsart)
    i.EXTI15_10_IRQHandler                   0x08001a6c   Section        0  interrupts.o(i.EXTI15_10_IRQHandler)
    i.LCD_strobe                             0x08001a94   Section        0  lcd.o(i.LCD_strobe)
    i.LED_INIT                               0x08001ab8   Section        0  led.o(i.LED_INIT)
    i.PLL_Config                             0x08001b0c   Section        0  main.o(i.PLL_Config)
    i.SineWaveUsart                          0x08001bac   Section        0  usart.o(i.SineWaveUsart)
    i.SquareWaveUsart                        0x08001c6c   Section        0  usart.o(i.SquareWaveUsart)
    i.SystemCoreClockUpdate                  0x08001ce8   Section        0  system_stm32f4xx.o(i.SystemCoreClockUpdate)
    i.SystemInit                             0x08001da8   Section        0  system_stm32f4xx.o(i.SystemInit)
    i.TIM2_IRQHandler                        0x08001e0c   Section        0  interrupts.o(i.TIM2_IRQHandler)
    i.TIM3_IRQHandler                        0x08001fbc   Section        0  interrupts.o(i.TIM3_IRQHandler)
    i.Timer2setup                            0x08001fd0   Section        0  interrupts.o(i.Timer2setup)
    i.Timer3setup                            0x08002020   Section        0  interrupts.o(i.Timer3setup)
    i.Toggle_Green                           0x08002080   Section        0  led.o(i.Toggle_Green)
    i.Toggle_Red                             0x080020a0   Section        0  led.o(i.Toggle_Red)
    i.TriangleWaveUsart                      0x080020c0   Section        0  usart.o(i.TriangleWaveUsart)
    i.USART3_IRQHandler                      0x08002130   Section        0  interrupts.o(i.USART3_IRQHandler)
    i.USART_SendString                       0x08002132   Section        0  usart.o(i.USART_SendString)
    i.UsartInterrupt                         0x08002158   Section        0  interrupts.o(i.UsartInterrupt)
    i.UsartMenu                              0x08002178   Section        0  usart.o(i.UsartMenu)
    i.WaitLcdBusy                            0x080022c4   Section        0  lcd.o(i.WaitLcdBusy)
    i.__ARM_fpclassify                       0x08002334   Section        0  fpclassify.o(i.__ARM_fpclassify)
    i.__NVIC_EnableIRQ                       0x08002364   Section        0  interrupts.o(i.__NVIC_EnableIRQ)
    __NVIC_EnableIRQ                         0x08002365   Thumb Code    34  interrupts.o(i.__NVIC_EnableIRQ)
    i.__hardfp_sin                           0x08002388   Section        0  sin.o(i.__hardfp_sin)
    i.__ieee754_rem_pio2                     0x08002450   Section        0  rred.o(i.__ieee754_rem_pio2)
    i.__kernel_cos                           0x08002888   Section        0  cos_i.o(i.__kernel_cos)
    i.__kernel_poly                          0x080029f8   Section        0  poly.o(i.__kernel_poly)
    i.__kernel_sin                           0x08002af0   Section        0  sin_i.o(i.__kernel_sin)
    i.__mathlib_dbl_infnan                   0x08002c20   Section        0  dunder.o(i.__mathlib_dbl_infnan)
    i.__mathlib_dbl_invalid                  0x08002c38   Section        0  dunder.o(i.__mathlib_dbl_invalid)
    i.__mathlib_dbl_underflow                0x08002c58   Section        0  dunder.o(i.__mathlib_dbl_underflow)
    i._is_digit                              0x08002c78   Section        0  __printf_wp.o(i._is_digit)
    i.button2                                0x08002c88   Section        0  interrupts.o(i.button2)
    i.cmdLCD                                 0x08002d00   Section        0  lcd.o(i.cmdLCD)
    i.delay_100ms_blocking                   0x08002d24   Section        0  led.o(i.delay_100ms_blocking)
    i.fabs                                   0x08002d40   Section        0  fabs.o(i.fabs)
    i.green_off                              0x08002d58   Section        0  led.o(i.green_off)
    i.green_on                               0x08002d7c   Section        0  led.o(i.green_on)
    i.initLCD                                0x08002da0   Section        0  lcd.o(i.initLCD)
    i.init_ADC                               0x08002e10   Section        0  adc.o(i.init_ADC)
    i.init_DAC                               0x08002e7c   Section        0  dac.o(i.init_DAC)
    i.init_USART                             0x08002ec0   Section        0  usart.o(i.init_USART)
    i.lcd_delayus                            0x08002f90   Section        0  lcd.o(i.lcd_delayus)
    i.main                                   0x08002fc0   Section        0  main.o(i.main)
    i.output_dac                             0x08002ff8   Section        0  dac.o(i.output_dac)
    i.pressed                                0x08003004   Section        0  switch.o(i.pressed)
    i.putLCD                                 0x08003030   Section        0  lcd.o(i.putLCD)
    i.read_adc                               0x08003054   Section        0  adc.o(i.read_adc)
    i.red_off                                0x0800307c   Section        0  led.o(i.red_off)
    i.red_on                                 0x080030a0   Section        0  led.o(i.red_on)
    i.send_usart                             0x080030c4   Section        0  usart.o(i.send_usart)
    i.set_LCD_data                           0x080030e8   Section        0  lcd.o(i.set_LCD_data)
    locale$$code                             0x080030fc   Section       44  lc_numeric_c.o(locale$$code)
    x$fpl$basic                              0x08003128   Section       24  basic.o(x$fpl$basic)
    $v0                                      0x08003128   Number         0  basic.o(x$fpl$basic)
    x$fpl$d2f                                0x08003140   Section       98  d2f.o(x$fpl$d2f)
    $v0                                      0x08003140   Number         0  d2f.o(x$fpl$d2f)
    x$fpl$dadd                               0x080031a4   Section      336  daddsub_clz.o(x$fpl$dadd)
    $v0                                      0x080031a4   Number         0  daddsub_clz.o(x$fpl$dadd)
    _dadd1                                   0x080031b5   Thumb Code     0  daddsub_clz.o(x$fpl$dadd)
    x$fpl$dcmpinf                            0x080032f4   Section       24  dcmpi.o(x$fpl$dcmpinf)
    $v0                                      0x080032f4   Number         0  dcmpi.o(x$fpl$dcmpinf)
    x$fpl$ddiv                               0x0800330c   Section      688  ddiv.o(x$fpl$ddiv)
    $v0                                      0x0800330c   Number         0  ddiv.o(x$fpl$ddiv)
    ddiv_entry                               0x08003313   Thumb Code     0  ddiv.o(x$fpl$ddiv)
    x$fpl$dfix                               0x080035bc   Section       94  dfix.o(x$fpl$dfix)
    $v0                                      0x080035bc   Number         0  dfix.o(x$fpl$dfix)
    x$fpl$dflt                               0x0800361a   Section       46  dflt_clz.o(x$fpl$dflt)
    $v0                                      0x0800361a   Number         0  dflt_clz.o(x$fpl$dflt)
    x$fpl$dfltu                              0x08003648   Section       38  dflt_clz.o(x$fpl$dfltu)
    $v0                                      0x08003648   Number         0  dflt_clz.o(x$fpl$dfltu)
    x$fpl$dleqf                              0x08003670   Section      120  dleqf.o(x$fpl$dleqf)
    $v0                                      0x08003670   Number         0  dleqf.o(x$fpl$dleqf)
    x$fpl$dmul                               0x080036e8   Section      340  dmul.o(x$fpl$dmul)
    $v0                                      0x080036e8   Number         0  dmul.o(x$fpl$dmul)
    x$fpl$dnaninf                            0x0800383c   Section      156  dnaninf.o(x$fpl$dnaninf)
    $v0                                      0x0800383c   Number         0  dnaninf.o(x$fpl$dnaninf)
    x$fpl$dretinf                            0x080038d8   Section       12  dretinf.o(x$fpl$dretinf)
    $v0                                      0x080038d8   Number         0  dretinf.o(x$fpl$dretinf)
    x$fpl$drleqf                             0x080038e4   Section      108  drleqf.o(x$fpl$drleqf)
    $v0                                      0x080038e4   Number         0  drleqf.o(x$fpl$drleqf)
    x$fpl$drsb                               0x08003950   Section       22  daddsub_clz.o(x$fpl$drsb)
    $v0                                      0x08003950   Number         0  daddsub_clz.o(x$fpl$drsb)
    x$fpl$dsub                               0x08003968   Section      468  daddsub_clz.o(x$fpl$dsub)
    $v0                                      0x08003968   Number         0  daddsub_clz.o(x$fpl$dsub)
    _dsub1                                   0x08003979   Thumb Code     0  daddsub_clz.o(x$fpl$dsub)
    x$fpl$f2d                                0x08003b3c   Section       86  f2d.o(x$fpl$f2d)
    $v0                                      0x08003b3c   Number         0  f2d.o(x$fpl$f2d)
    x$fpl$fnaninf                            0x08003b92   Section      140  fnaninf.o(x$fpl$fnaninf)
    $v0                                      0x08003b92   Number         0  fnaninf.o(x$fpl$fnaninf)
    x$fpl$fpinit                             0x08003c1e   Section       10  fpinit.o(x$fpl$fpinit)
    $v0                                      0x08003c1e   Number         0  fpinit.o(x$fpl$fpinit)
    x$fpl$fretinf                            0x08003c28   Section       10  fretinf.o(x$fpl$fretinf)
    $v0                                      0x08003c28   Number         0  fretinf.o(x$fpl$fretinf)
    x$fpl$printf1                            0x08003c32   Section        4  printf1.o(x$fpl$printf1)
    $v0                                      0x08003c32   Number         0  printf1.o(x$fpl$printf1)
    .constdata                               0x08003c36   Section       16  system_stm32f4xx.o(.constdata)
    x$fpl$usenofp                            0x08003c36   Section        0  usenofp.o(x$fpl$usenofp)
    .constdata                               0x08003c48   Section       48  cos_i.o(.constdata)
    C                                        0x08003c48   Data          48  cos_i.o(.constdata)
    .constdata                               0x08003c78   Section      200  rred.o(.constdata)
    pio2s                                    0x08003c78   Data          48  rred.o(.constdata)
    twooverpi                                0x08003ca8   Data         152  rred.o(.constdata)
    .constdata                               0x08003d40   Section       40  sin_i.o(.constdata)
    S                                        0x08003d40   Data          40  sin_i.o(.constdata)
    .constdata                               0x08003d68   Section      148  bigflt0.o(.constdata)
    tenpwrs_x                                0x08003d68   Data          60  bigflt0.o(.constdata)
    tenpwrs_i                                0x08003da4   Data          64  bigflt0.o(.constdata)
    locale$$data                             0x08003e1c   Section       28  lc_numeric_c.o(locale$$data)
    __lcnum_c_name                           0x08003e20   Data           2  lc_numeric_c.o(locale$$data)
    __lcnum_c_start                          0x08003e28   Data           0  lc_numeric_c.o(locale$$data)
    __lcnum_c_point                          0x08003e34   Data           0  lc_numeric_c.o(locale$$data)
    __lcnum_c_thousands                      0x08003e36   Data           0  lc_numeric_c.o(locale$$data)
    __lcnum_c_grouping                       0x08003e37   Data           0  lc_numeric_c.o(locale$$data)
    __lcnum_c_end                            0x08003e38   Data           0  lc_numeric_c.o(locale$$data)
    .data                                    0x20000000   Section        2  main.o(.data)
    .data                                    0x20000004   Section       25  interrupts.o(.data)
    .data                                    0x20000020   Section        8  led.o(.data)
    .data                                    0x20000028   Section        1  switch.o(.data)
    .data                                    0x2000002c   Section        4  system_stm32f4xx.o(.data)
    .bss                                     0x20000030   Section       96  libspace.o(.bss)
    HEAP                                     0x20000090   Section      512  startup_stm32f429xx.o(HEAP)
    Heap_Mem                                 0x20000090   Data         512  startup_stm32f429xx.o(HEAP)
    STACK                                    0x20000290   Section     1024  startup_stm32f429xx.o(STACK)
    Stack_Mem                                0x20000290   Data        1024  startup_stm32f429xx.o(STACK)
    __initial_sp                             0x20000690   Data           0  startup_stm32f429xx.o(STACK)

    Global Symbols

    Symbol Name                              Value     Ov Type        Size  Object(Section)

    BuildAttributes$$THM_ISAv4$E$P$D$K$B$S$7EM$VFPi3$EXTD16$VFPS$VFMA$PE$A:L22UL41UL21$X:L11$S22US41US21$IEEE1$IW$USESV6$~STKCKD$USESV7$~SHL$OTIME$ROPI$IEEEX$EBA8$UX$STANDARDLIB$REQ8$PRES8$EABIv2 0x00000000   Number         0  anon$$obj.o ABSOLUTE
    __ARM_use_no_argv                        0x00000000   Number         0  main.o ABSOLUTE
    _printf_flags                            0x00000000   Number         0  printf_stubs.o ABSOLUTE
    _printf_return_value                     0x00000000   Number         0  printf_stubs.o ABSOLUTE
    _printf_sizespec                         0x00000000   Number         0  printf_stubs.o ABSOLUTE
    _printf_widthprec                        0x00000000   Number         0  printf_stubs.o ABSOLUTE
    __ARM_exceptions_init                     - Undefined Weak Reference
    __alloca_initialize                       - Undefined Weak Reference
    __arm_preinit_                            - Undefined Weak Reference
    __cpp_initialize__aeabi_                  - Undefined Weak Reference
    __cxa_finalize                            - Undefined Weak Reference
    __sigvec_lookup                           - Undefined Weak Reference
    _atexit_init                              - Undefined Weak Reference
    _call_atexit_fns                          - Undefined Weak Reference
    _clock_init                               - Undefined Weak Reference
    _fp_trap_init                             - Undefined Weak Reference
    _fp_trap_shutdown                         - Undefined Weak Reference
    _get_lc_collate                           - Undefined Weak Reference
    _get_lc_ctype                             - Undefined Weak Reference
    _get_lc_monetary                          - Undefined Weak Reference
    _get_lc_time                              - Undefined Weak Reference
    _getenv_init                              - Undefined Weak Reference
    _handle_redirection                       - Undefined Weak Reference
    _init_alloc                               - Undefined Weak Reference
    _init_user_alloc                          - Undefined Weak Reference
    _initio                                   - Undefined Weak Reference
    _printf_post_padding                      - Undefined Weak Reference
    _printf_pre_padding                       - Undefined Weak Reference
    _rand_init                                - Undefined Weak Reference
    _signal_finish                            - Undefined Weak Reference
    _signal_init                              - Undefined Weak Reference
    _terminate_alloc                          - Undefined Weak Reference
    _terminate_user_alloc                     - Undefined Weak Reference
    _terminateio                              - Undefined Weak Reference
    __Vectors_Size                           0x000001ac   Number         0  startup_stm32f429xx.o ABSOLUTE
    __Vectors                                0x08000000   Data           4  startup_stm32f429xx.o(RESET)
    __Vectors_End                            0x080001ac   Data           0  startup_stm32f429xx.o(RESET)
    __main                                   0x080001ad   Thumb Code     8  __main.o(!!!main)
    __scatterload                            0x080001b5   Thumb Code     0  __scatter.o(!!!scatter)
    __scatterload_rt2                        0x080001b5   Thumb Code    44  __scatter.o(!!!scatter)
    __scatterload_rt2_thumb_only             0x080001b5   Thumb Code     0  __scatter.o(!!!scatter)
    __scatterload_null                       0x080001c3   Thumb Code     0  __scatter.o(!!!scatter)
    __scatterload_copy                       0x080001e9   Thumb Code    26  __scatter_copy.o(!!handler_copy)
    __scatterload_zeroinit                   0x08000205   Thumb Code    28  __scatter_zi.o(!!handler_zi)
    _printf_f                                0x08000221   Thumb Code     0  _printf_f.o(.ARM.Collect$$_printf_percent$$00000003)
    _printf_percent                          0x08000221   Thumb Code     0  _printf_percent.o(.ARM.Collect$$_printf_percent$$00000000)
    _printf_percent_end                      0x08000227   Thumb Code     0  _printf_percent_end.o(.ARM.Collect$$_printf_percent$$00000017)
    __rt_lib_init                            0x0800022b   Thumb Code     0  libinit.o(.ARM.Collect$$libinit$$00000000)
    __rt_lib_init_fp_1                       0x0800022d   Thumb Code     0  libinit2.o(.ARM.Collect$$libinit$$00000001)
    __rt_lib_init_heap_1                     0x08000231   Thumb Code     0  libinit2.o(.ARM.Collect$$libinit$$0000000A)
    __rt_lib_init_lc_common                  0x08000231   Thumb Code     0  libinit2.o(.ARM.Collect$$libinit$$0000000F)
    __rt_lib_init_preinit_1                  0x08000231   Thumb Code     0  libinit2.o(.ARM.Collect$$libinit$$00000004)
    __rt_lib_init_rand_1                     0x08000231   Thumb Code     0  libinit2.o(.ARM.Collect$$libinit$$0000000E)
    __rt_lib_init_user_alloc_1               0x08000231   Thumb Code     0  libinit2.o(.ARM.Collect$$libinit$$0000000C)
    __rt_lib_init_lc_collate_1               0x08000237   Thumb Code     0  libinit2.o(.ARM.Collect$$libinit$$00000011)
    __rt_lib_init_lc_ctype_1                 0x08000237   Thumb Code     0  libinit2.o(.ARM.Collect$$libinit$$00000013)
    __rt_lib_init_lc_monetary_1              0x08000237   Thumb Code     0  libinit2.o(.ARM.Collect$$libinit$$00000015)
    __rt_lib_init_lc_numeric_2               0x08000237   Thumb Code     0  libinit2.o(.ARM.Collect$$libinit$$00000016)
    __rt_lib_init_alloca_1                   0x08000241   Thumb Code     0  libinit2.o(.ARM.Collect$$libinit$$0000002E)
    __rt_lib_init_argv_1                     0x08000241   Thumb Code     0  libinit2.o(.ARM.Collect$$libinit$$0000002C)
    __rt_lib_init_atexit_1                   0x08000241   Thumb Code     0  libinit2.o(.ARM.Collect$$libinit$$0000001B)
    __rt_lib_init_clock_1                    0x08000241   Thumb Code     0  libinit2.o(.ARM.Collect$$libinit$$00000021)
    __rt_lib_init_cpp_1                      0x08000241   Thumb Code     0  libinit2.o(.ARM.Collect$$libinit$$00000032)
    __rt_lib_init_exceptions_1               0x08000241   Thumb Code     0  libinit2.o(.ARM.Collect$$libinit$$00000030)
    __rt_lib_init_fp_trap_1                  0x08000241   Thumb Code     0  libinit2.o(.ARM.Collect$$libinit$$0000001F)
    __rt_lib_init_getenv_1                   0x08000241   Thumb Code     0  libinit2.o(.ARM.Collect$$libinit$$00000023)
    __rt_lib_init_lc_numeric_1               0x08000241   Thumb Code     0  libinit2.o(.ARM.Collect$$libinit$$00000017)
    __rt_lib_init_lc_time_1                  0x08000241   Thumb Code     0  libinit2.o(.ARM.Collect$$libinit$$00000019)
    __rt_lib_init_return                     0x08000241   Thumb Code     0  libinit2.o(.ARM.Collect$$libinit$$00000033)
    __rt_lib_init_signal_1                   0x08000241   Thumb Code     0  libinit2.o(.ARM.Collect$$libinit$$0000001D)
    __rt_lib_init_stdio_1                    0x08000241   Thumb Code     0  libinit2.o(.ARM.Collect$$libinit$$00000025)
    __rt_lib_shutdown                        0x08000243   Thumb Code     0  libshutdown.o(.ARM.Collect$$libshutdown$$00000000)
    __rt_lib_shutdown_cpp_1                  0x08000245   Thumb Code     0  libshutdown2.o(.ARM.Collect$$libshutdown$$00000002)
    __rt_lib_shutdown_fp_trap_1              0x08000245   Thumb Code     0  libshutdown2.o(.ARM.Collect$$libshutdown$$00000007)
    __rt_lib_shutdown_heap_1                 0x08000245   Thumb Code     0  libshutdown2.o(.ARM.Collect$$libshutdown$$0000000F)
    __rt_lib_shutdown_return                 0x08000245   Thumb Code     0  libshutdown2.o(.ARM.Collect$$libshutdown$$00000010)
    __rt_lib_shutdown_signal_1               0x08000245   Thumb Code     0  libshutdown2.o(.ARM.Collect$$libshutdown$$0000000A)
    __rt_lib_shutdown_stdio_1                0x08000245   Thumb Code     0  libshutdown2.o(.ARM.Collect$$libshutdown$$00000004)
    __rt_lib_shutdown_user_alloc_1           0x08000245   Thumb Code     0  libshutdown2.o(.ARM.Collect$$libshutdown$$0000000C)
    __rt_entry                               0x08000247   Thumb Code     0  __rtentry.o(.ARM.Collect$$rtentry$$00000000)
    __rt_entry_presh_1                       0x08000247   Thumb Code     0  __rtentry2.o(.ARM.Collect$$rtentry$$00000002)
    __rt_entry_sh                            0x08000247   Thumb Code     0  __rtentry4.o(.ARM.Collect$$rtentry$$00000004)
    __rt_entry_li                            0x0800024d   Thumb Code     0  __rtentry2.o(.ARM.Collect$$rtentry$$0000000A)
    __rt_entry_postsh_1                      0x0800024d   Thumb Code     0  __rtentry2.o(.ARM.Collect$$rtentry$$00000009)
    __rt_entry_main                          0x08000251   Thumb Code     0  __rtentry2.o(.ARM.Collect$$rtentry$$0000000D)
    __rt_entry_postli_1                      0x08000251   Thumb Code     0  __rtentry2.o(.ARM.Collect$$rtentry$$0000000C)
    __rt_exit                                0x08000259   Thumb Code     0  rtexit.o(.ARM.Collect$$rtexit$$00000000)
    __rt_exit_ls                             0x0800025b   Thumb Code     0  rtexit2.o(.ARM.Collect$$rtexit$$00000003)
    __rt_exit_prels_1                        0x0800025b   Thumb Code     0  rtexit2.o(.ARM.Collect$$rtexit$$00000002)
    __rt_exit_exit                           0x0800025f   Thumb Code     0  rtexit2.o(.ARM.Collect$$rtexit$$00000004)
    Reset_Handler                            0x08000265   Thumb Code     8  startup_stm32f429xx.o(.text)
    NMI_Handler                              0x0800026d   Thumb Code     2  startup_stm32f429xx.o(.text)
    HardFault_Handler                        0x0800026f   Thumb Code     2  startup_stm32f429xx.o(.text)
    MemManage_Handler                        0x08000271   Thumb Code     2  startup_stm32f429xx.o(.text)
    BusFault_Handler                         0x08000273   Thumb Code     2  startup_stm32f429xx.o(.text)
    UsageFault_Handler                       0x08000275   Thumb Code     2  startup_stm32f429xx.o(.text)
    SVC_Handler                              0x08000277   Thumb Code     2  startup_stm32f429xx.o(.text)
    DebugMon_Handler                         0x08000279   Thumb Code     2  startup_stm32f429xx.o(.text)
    PendSV_Handler                           0x0800027b   Thumb Code     2  startup_stm32f429xx.o(.text)
    SysTick_Handler                          0x0800027d   Thumb Code     2  startup_stm32f429xx.o(.text)
    ADC_IRQHandler                           0x0800027f   Thumb Code     0  startup_stm32f429xx.o(.text)
    CAN1_RX0_IRQHandler                      0x0800027f   Thumb Code     0  startup_stm32f429xx.o(.text)
    CAN1_RX1_IRQHandler                      0x0800027f   Thumb Code     0  startup_stm32f429xx.o(.text)
    CAN1_SCE_IRQHandler                      0x0800027f   Thumb Code     0  startup_stm32f429xx.o(.text)
    CAN1_TX_IRQHandler                       0x0800027f   Thumb Code     0  startup_stm32f429xx.o(.text)
    CAN2_RX0_IRQHandler                      0x0800027f   Thumb Code     0  startup_stm32f429xx.o(.text)
    CAN2_RX1_IRQHandler                      0x0800027f   Thumb Code     0  startup_stm32f429xx.o(.text)
    CAN2_SCE_IRQHandler                      0x0800027f   Thumb Code     0  startup_stm32f429xx.o(.text)
    CAN2_TX_IRQHandler                       0x0800027f   Thumb Code     0  startup_stm32f429xx.o(.text)
    DCMI_IRQHandler                          0x0800027f   Thumb Code     0  startup_stm32f429xx.o(.text)
    DMA1_Stream0_IRQHandler                  0x0800027f   Thumb Code     0  startup_stm32f429xx.o(.text)
    DMA1_Stream1_IRQHandler                  0x0800027f   Thumb Code     0  startup_stm32f429xx.o(.text)
    DMA1_Stream2_IRQHandler                  0x0800027f   Thumb Code     0  startup_stm32f429xx.o(.text)
    DMA1_Stream3_IRQHandler                  0x0800027f   Thumb Code     0  startup_stm32f429xx.o(.text)
    DMA1_Stream4_IRQHandler                  0x0800027f   Thumb Code     0  startup_stm32f429xx.o(.text)
    DMA1_Stream5_IRQHandler                  0x0800027f   Thumb Code     0  startup_stm32f429xx.o(.text)
    DMA1_Stream6_IRQHandler                  0x0800027f   Thumb Code     0  startup_stm32f429xx.o(.text)
    DMA1_Stream7_IRQHandler                  0x0800027f   Thumb Code     0  startup_stm32f429xx.o(.text)
    DMA2D_IRQHandler                         0x0800027f   Thumb Code     0  startup_stm32f429xx.o(.text)
    DMA2_Stream0_IRQHandler                  0x0800027f   Thumb Code     0  startup_stm32f429xx.o(.text)
    DMA2_Stream1_IRQHandler                  0x0800027f   Thumb Code     0  startup_stm32f429xx.o(.text)
    DMA2_Stream2_IRQHandler                  0x0800027f   Thumb Code     0  startup_stm32f429xx.o(.text)
    DMA2_Stream3_IRQHandler                  0x0800027f   Thumb Code     0  startup_stm32f429xx.o(.text)
    DMA2_Stream4_IRQHandler                  0x0800027f   Thumb Code     0  startup_stm32f429xx.o(.text)
    DMA2_Stream5_IRQHandler                  0x0800027f   Thumb Code     0  startup_stm32f429xx.o(.text)
    DMA2_Stream6_IRQHandler                  0x0800027f   Thumb Code     0  startup_stm32f429xx.o(.text)
    DMA2_Stream7_IRQHandler                  0x0800027f   Thumb Code     0  startup_stm32f429xx.o(.text)
    ETH_IRQHandler                           0x0800027f   Thumb Code     0  startup_stm32f429xx.o(.text)
    ETH_WKUP_IRQHandler                      0x0800027f   Thumb Code     0  startup_stm32f429xx.o(.text)
    EXTI0_IRQHandler                         0x0800027f   Thumb Code     0  startup_stm32f429xx.o(.text)
    EXTI1_IRQHandler                         0x0800027f   Thumb Code     0  startup_stm32f429xx.o(.text)
    EXTI2_IRQHandler                         0x0800027f   Thumb Code     0  startup_stm32f429xx.o(.text)
    EXTI3_IRQHandler                         0x0800027f   Thumb Code     0  startup_stm32f429xx.o(.text)
    EXTI4_IRQHandler                         0x0800027f   Thumb Code     0  startup_stm32f429xx.o(.text)
    EXTI9_5_IRQHandler                       0x0800027f   Thumb Code     0  startup_stm32f429xx.o(.text)
    FLASH_IRQHandler                         0x0800027f   Thumb Code     0  startup_stm32f429xx.o(.text)
    FMC_IRQHandler                           0x0800027f   Thumb Code     0  startup_stm32f429xx.o(.text)
    FPU_IRQHandler                           0x0800027f   Thumb Code     0  startup_stm32f429xx.o(.text)
    HASH_RNG_IRQHandler                      0x0800027f   Thumb Code     0  startup_stm32f429xx.o(.text)
    I2C1_ER_IRQHandler                       0x0800027f   Thumb Code     0  startup_stm32f429xx.o(.text)
    I2C1_EV_IRQHandler                       0x0800027f   Thumb Code     0  startup_stm32f429xx.o(.text)
    I2C2_ER_IRQHandler                       0x0800027f   Thumb Code     0  startup_stm32f429xx.o(.text)
    I2C2_EV_IRQHandler                       0x0800027f   Thumb Code     0  startup_stm32f429xx.o(.text)
    I2C3_ER_IRQHandler                       0x0800027f   Thumb Code     0  startup_stm32f429xx.o(.text)
    I2C3_EV_IRQHandler                       0x0800027f   Thumb Code     0  startup_stm32f429xx.o(.text)
    LTDC_ER_IRQHandler                       0x0800027f   Thumb Code     0  startup_stm32f429xx.o(.text)
    LTDC_IRQHandler                          0x0800027f   Thumb Code     0  startup_stm32f429xx.o(.text)
    OTG_FS_IRQHandler                        0x0800027f   Thumb Code     0  startup_stm32f429xx.o(.text)
    OTG_FS_WKUP_IRQHandler                   0x0800027f   Thumb Code     0  startup_stm32f429xx.o(.text)
    OTG_HS_EP1_IN_IRQHandler                 0x0800027f   Thumb Code     0  startup_stm32f429xx.o(.text)
    OTG_HS_EP1_OUT_IRQHandler                0x0800027f   Thumb Code     0  startup_stm32f429xx.o(.text)
    OTG_HS_IRQHandler                        0x0800027f   Thumb Code     0  startup_stm32f429xx.o(.text)
    OTG_HS_WKUP_IRQHandler                   0x0800027f   Thumb Code     0  startup_stm32f429xx.o(.text)
    PVD_IRQHandler                           0x0800027f   Thumb Code     0  startup_stm32f429xx.o(.text)
    RCC_IRQHandler                           0x0800027f   Thumb Code     0  startup_stm32f429xx.o(.text)
    RTC_Alarm_IRQHandler                     0x0800027f   Thumb Code     0  startup_stm32f429xx.o(.text)
    RTC_WKUP_IRQHandler                      0x0800027f   Thumb Code     0  startup_stm32f429xx.o(.text)
    SAI1_IRQHandler                          0x0800027f   Thumb Code     0  startup_stm32f429xx.o(.text)
    SDIO_IRQHandler                          0x0800027f   Thumb Code     0  startup_stm32f429xx.o(.text)
    SPI1_IRQHandler                          0x0800027f   Thumb Code     0  startup_stm32f429xx.o(.text)
    SPI2_IRQHandler                          0x0800027f   Thumb Code     0  startup_stm32f429xx.o(.text)
    SPI3_IRQHandler                          0x0800027f   Thumb Code     0  startup_stm32f429xx.o(.text)
    SPI4_IRQHandler                          0x0800027f   Thumb Code     0  startup_stm32f429xx.o(.text)
    SPI5_IRQHandler                          0x0800027f   Thumb Code     0  startup_stm32f429xx.o(.text)
    SPI6_IRQHandler                          0x0800027f   Thumb Code     0  startup_stm32f429xx.o(.text)
    TAMP_STAMP_IRQHandler                    0x0800027f   Thumb Code     0  startup_stm32f429xx.o(.text)
    TIM1_BRK_TIM9_IRQHandler                 0x0800027f   Thumb Code     0  startup_stm32f429xx.o(.text)
    TIM1_CC_IRQHandler                       0x0800027f   Thumb Code     0  startup_stm32f429xx.o(.text)
    TIM1_TRG_COM_TIM11_IRQHandler            0x0800027f   Thumb Code     0  startup_stm32f429xx.o(.text)
    TIM1_UP_TIM10_IRQHandler                 0x0800027f   Thumb Code     0  startup_stm32f429xx.o(.text)
    TIM4_IRQHandler                          0x0800027f   Thumb Code     0  startup_stm32f429xx.o(.text)
    TIM5_IRQHandler                          0x0800027f   Thumb Code     0  startup_stm32f429xx.o(.text)
    TIM6_DAC_IRQHandler                      0x0800027f   Thumb Code     0  startup_stm32f429xx.o(.text)
    TIM7_IRQHandler                          0x0800027f   Thumb Code     0  startup_stm32f429xx.o(.text)
    TIM8_BRK_TIM12_IRQHandler                0x0800027f   Thumb Code     0  startup_stm32f429xx.o(.text)
    TIM8_CC_IRQHandler                       0x0800027f   Thumb Code     0  startup_stm32f429xx.o(.text)
    TIM8_TRG_COM_TIM14_IRQHandler            0x0800027f   Thumb Code     0  startup_stm32f429xx.o(.text)
    TIM8_UP_TIM13_IRQHandler                 0x0800027f   Thumb Code     0  startup_stm32f429xx.o(.text)
    UART4_IRQHandler                         0x0800027f   Thumb Code     0  startup_stm32f429xx.o(.text)
    UART5_IRQHandler                         0x0800027f   Thumb Code     0  startup_stm32f429xx.o(.text)
    UART7_IRQHandler                         0x0800027f   Thumb Code     0  startup_stm32f429xx.o(.text)
    UART8_IRQHandler                         0x0800027f   Thumb Code     0  startup_stm32f429xx.o(.text)
    USART1_IRQHandler                        0x0800027f   Thumb Code     0  startup_stm32f429xx.o(.text)
    USART2_IRQHandler                        0x0800027f   Thumb Code     0  startup_stm32f429xx.o(.text)
    USART6_IRQHandler                        0x0800027f   Thumb Code     0  startup_stm32f429xx.o(.text)
    WWDG_IRQHandler                          0x0800027f   Thumb Code     0  startup_stm32f429xx.o(.text)
    __user_initial_stackheap                 0x08000281   Thumb Code     0  startup_stm32f429xx.o(.text)
    __2sprintf                               0x080002a5   Thumb Code    34  noretval__2sprintf.o(.text)
    __printf                                 0x080002cd   Thumb Code   270  __printf_wp.o(.text)
    strlen                                   0x080003db   Thumb Code    62  strlen.o(.text)
    __use_two_region_memory                  0x08000419   Thumb Code     2  heapauxi.o(.text)
    __rt_heap_escrow$2region                 0x0800041b   Thumb Code     2  heapauxi.o(.text)
    __rt_heap_expand$2region                 0x0800041d   Thumb Code     2  heapauxi.o(.text)
    __read_errno                             0x0800041f   Thumb Code    10  _rserrno.o(.text)
    __set_errno                              0x08000429   Thumb Code    12  _rserrno.o(.text)
    __lib_sel_fp_printf                      0x08000435   Thumb Code     2  _printf_fp_dec.o(.text)
    _printf_fp_dec_real                      0x080005e7   Thumb Code   620  _printf_fp_dec.o(.text)
    _printf_char_common                      0x0800085f   Thumb Code    32  _printf_char_common.o(.text)
    _sputc                                   0x08000885   Thumb Code    10  _sputc.o(.text)
    __rt_locale                              0x08000891   Thumb Code     8  rt_locale_intlibspace.o(.text)
    __aeabi_errno_addr                       0x08000899   Thumb Code     8  rt_errno_addr_intlibspace.o(.text)
    __errno$intlibspace                      0x08000899   Thumb Code     0  rt_errno_addr_intlibspace.o(.text)
    __rt_errno_addr$intlibspace              0x08000899   Thumb Code     0  rt_errno_addr_intlibspace.o(.text)
    _ll_udiv10                               0x080008a1   Thumb Code   138  lludiv10.o(.text)
    _printf_fp_infnan                        0x0800092d   Thumb Code   112  _printf_fp_infnan.o(.text)
    _btod_etento                             0x080009ad   Thumb Code   224  bigflt0.o(.text)
    __user_libspace                          0x08000a91   Thumb Code     8  libspace.o(.text)
    __user_perproc_libspace                  0x08000a91   Thumb Code     0  libspace.o(.text)
    __user_perthread_libspace                0x08000a91   Thumb Code     0  libspace.o(.text)
    __user_setup_stackheap                   0x08000a99   Thumb Code    74  sys_stackheap_outer.o(.text)
    exit                                     0x08000ae3   Thumb Code    18  exit.o(.text)
    strcmp                                   0x08000af5   Thumb Code   128  strcmpv7m.o(.text)
    _sys_exit                                0x08000b75   Thumb Code     8  sys_exit.o(.text)
    __I$use$semihosting                      0x08000b81   Thumb Code     0  use_no_semi.o(.text)
    __use_no_semihosting_swi                 0x08000b81   Thumb Code     2  use_no_semi.o(.text)
    __semihosting_library_function           0x08000b83   Thumb Code     0  indicate_semi.o(.text)
    _btod_d2e                                0x08000b83   Thumb Code    62  btod.o(CL$$btod_d2e)
    _d2e_denorm_low                          0x08000bc1   Thumb Code    70  btod.o(CL$$btod_d2e_denorm_low)
    _d2e_norm_op1                            0x08000c07   Thumb Code    96  btod.o(CL$$btod_d2e_norm_op1)
    __btod_div_common                        0x08000c67   Thumb Code   696  btod.o(CL$$btod_div_common)
    _e2e                                     0x08000f9f   Thumb Code   220  btod.o(CL$$btod_e2e)
    _btod_ediv                               0x0800107b   Thumb Code    42  btod.o(CL$$btod_ediv)
    _btod_emul                               0x080010a5   Thumb Code    42  btod.o(CL$$btod_emul)
    __btod_mult_common                       0x080010cf   Thumb Code   580  btod.o(CL$$btod_mult_common)
    ActualVoltage                            0x08001315   Thumb Code   200  adc.o(i.ActualVoltage)
    AnalogueSignal                           0x0800140d   Thumb Code  1380  adc.o(i.AnalogueSignal)
    AnalogueSignalUsart                      0x08001971   Thumb Code    66  usart.o(i.AnalogueSignalUsart)
    DisplayVoltageUsart                      0x080019c5   Thumb Code   140  usart.o(i.DisplayVoltageUsart)
    EXTI15_10_IRQHandler                     0x08001a6d   Thumb Code    30  interrupts.o(i.EXTI15_10_IRQHandler)
    LCD_strobe                               0x08001a95   Thumb Code    32  lcd.o(i.LCD_strobe)
    LED_INIT                                 0x08001ab9   Thumb Code    76  led.o(i.LED_INIT)
    PLL_Config                               0x08001b0d   Thumb Code   142  main.o(i.PLL_Config)
    SineWaveUsart                            0x08001bad   Thumb Code   170  usart.o(i.SineWaveUsart)
    SquareWaveUsart                          0x08001c6d   Thumb Code   108  usart.o(i.SquareWaveUsart)
    SystemCoreClockUpdate                    0x08001ce9   Thumb Code   170  system_stm32f4xx.o(i.SystemCoreClockUpdate)
    SystemInit                               0x08001da9   Thumb Code    82  system_stm32f4xx.o(i.SystemInit)
    TIM2_IRQHandler                          0x08001e0d   Thumb Code   340  interrupts.o(i.TIM2_IRQHandler)
    TIM3_IRQHandler                          0x08001fbd   Thumb Code    14  interrupts.o(i.TIM3_IRQHandler)
    Timer2setup                              0x08001fd1   Thumb Code    70  interrupts.o(i.Timer2setup)
    Timer3setup                              0x08002021   Thumb Code    84  interrupts.o(i.Timer3setup)
    Toggle_Green                             0x08002081   Thumb Code    28  led.o(i.Toggle_Green)
    Toggle_Red                               0x080020a1   Thumb Code    28  led.o(i.Toggle_Red)
    TriangleWaveUsart                        0x080020c1   Thumb Code   100  usart.o(i.TriangleWaveUsart)
    USART3_IRQHandler                        0x08002131   Thumb Code     2  interrupts.o(i.USART3_IRQHandler)
    USART_SendString                         0x08002133   Thumb Code    36  usart.o(i.USART_SendString)
    UsartInterrupt                           0x08002159   Thumb Code    26  interrupts.o(i.UsartInterrupt)
    UsartMenu                                0x08002179   Thumb Code   112  usart.o(i.UsartMenu)
    WaitLcdBusy                              0x080022c5   Thumb Code   108  lcd.o(i.WaitLcdBusy)
    __ARM_fpclassify                         0x08002335   Thumb Code    48  fpclassify.o(i.__ARM_fpclassify)
    __hardfp_sin                             0x08002389   Thumb Code   180  sin.o(i.__hardfp_sin)
    __ieee754_rem_pio2                       0x08002451   Thumb Code   938  rred.o(i.__ieee754_rem_pio2)
    __kernel_cos                             0x08002889   Thumb Code   322  cos_i.o(i.__kernel_cos)
    __kernel_poly                            0x080029f9   Thumb Code   248  poly.o(i.__kernel_poly)
    __kernel_sin                             0x08002af1   Thumb Code   280  sin_i.o(i.__kernel_sin)
    __mathlib_dbl_infnan                     0x08002c21   Thumb Code    20  dunder.o(i.__mathlib_dbl_infnan)
    __mathlib_dbl_invalid                    0x08002c39   Thumb Code    24  dunder.o(i.__mathlib_dbl_invalid)
    __mathlib_dbl_underflow                  0x08002c59   Thumb Code    24  dunder.o(i.__mathlib_dbl_underflow)
    _is_digit                                0x08002c79   Thumb Code    14  __printf_wp.o(i._is_digit)
    button2                                  0x08002c89   Thumb Code   102  interrupts.o(i.button2)
    cmdLCD                                   0x08002d01   Thumb Code    32  lcd.o(i.cmdLCD)
    delay_100ms_blocking                     0x08002d25   Thumb Code    22  led.o(i.delay_100ms_blocking)
    fabs                                     0x08002d41   Thumb Code    24  fabs.o(i.fabs)
    green_off                                0x08002d59   Thumb Code    26  led.o(i.green_off)
    green_on                                 0x08002d7d   Thumb Code    26  led.o(i.green_on)
    initLCD                                  0x08002da1   Thumb Code    94  lcd.o(i.initLCD)
    init_ADC                                 0x08002e11   Thumb Code    94  adc.o(i.init_ADC)
    init_DAC                                 0x08002e7d   Thumb Code    54  dac.o(i.init_DAC)
    init_USART                               0x08002ec1   Thumb Code   194  usart.o(i.init_USART)
    lcd_delayus                              0x08002f91   Thumb Code    38  lcd.o(i.lcd_delayus)
    main                                     0x08002fc1   Thumb Code    54  main.o(i.main)
    output_dac                               0x08002ff9   Thumb Code     6  dac.o(i.output_dac)
    pressed                                  0x08003005   Thumb Code    40  switch.o(i.pressed)
    putLCD                                   0x08003031   Thumb Code    32  lcd.o(i.putLCD)
    read_adc                                 0x08003055   Thumb Code    36  adc.o(i.read_adc)
    red_off                                  0x0800307d   Thumb Code    26  led.o(i.red_off)
    red_on                                   0x080030a1   Thumb Code    26  led.o(i.red_on)
    send_usart                               0x080030c5   Thumb Code    30  usart.o(i.send_usart)
    set_LCD_data                             0x080030e9   Thumb Code    14  lcd.o(i.set_LCD_data)
    _get_lc_numeric                          0x080030fd   Thumb Code    44  lc_numeric_c.o(locale$$code)
    __aeabi_dneg                             0x08003129   Thumb Code     0  basic.o(x$fpl$basic)
    _dneg                                    0x08003129   Thumb Code     6  basic.o(x$fpl$basic)
    __aeabi_fneg                             0x0800312f   Thumb Code     0  basic.o(x$fpl$basic)
    _fneg                                    0x0800312f   Thumb Code     6  basic.o(x$fpl$basic)
    _dabs                                    0x08003135   Thumb Code     6  basic.o(x$fpl$basic)
    _fabs                                    0x0800313b   Thumb Code     6  basic.o(x$fpl$basic)
    __aeabi_d2f                              0x08003141   Thumb Code     0  d2f.o(x$fpl$d2f)
    _d2f                                     0x08003141   Thumb Code    98  d2f.o(x$fpl$d2f)
    __aeabi_dadd                             0x080031a5   Thumb Code     0  daddsub_clz.o(x$fpl$dadd)
    _dadd                                    0x080031a5   Thumb Code   332  daddsub_clz.o(x$fpl$dadd)
    __fpl_dcmp_Inf                           0x080032f5   Thumb Code    24  dcmpi.o(x$fpl$dcmpinf)
    __aeabi_ddiv                             0x0800330d   Thumb Code     0  ddiv.o(x$fpl$ddiv)
    _ddiv                                    0x0800330d   Thumb Code   552  ddiv.o(x$fpl$ddiv)
    __aeabi_d2iz                             0x080035bd   Thumb Code     0  dfix.o(x$fpl$dfix)
    _dfix                                    0x080035bd   Thumb Code    94  dfix.o(x$fpl$dfix)
    __aeabi_i2d                              0x0800361b   Thumb Code     0  dflt_clz.o(x$fpl$dflt)
    _dflt                                    0x0800361b   Thumb Code    46  dflt_clz.o(x$fpl$dflt)
    __aeabi_ui2d                             0x08003649   Thumb Code     0  dflt_clz.o(x$fpl$dfltu)
    _dfltu                                   0x08003649   Thumb Code    38  dflt_clz.o(x$fpl$dfltu)
    __aeabi_cdcmple                          0x08003671   Thumb Code     0  dleqf.o(x$fpl$dleqf)
    _dcmple                                  0x08003671   Thumb Code   120  dleqf.o(x$fpl$dleqf)
    __fpl_dcmple_InfNaN                      0x080036d3   Thumb Code     0  dleqf.o(x$fpl$dleqf)
    __aeabi_dmul                             0x080036e9   Thumb Code     0  dmul.o(x$fpl$dmul)
    _dmul                                    0x080036e9   Thumb Code   332  dmul.o(x$fpl$dmul)
    __fpl_dnaninf                            0x0800383d   Thumb Code   156  dnaninf.o(x$fpl$dnaninf)
    __fpl_dretinf                            0x080038d9   Thumb Code    12  dretinf.o(x$fpl$dretinf)
    __aeabi_cdrcmple                         0x080038e5   Thumb Code     0  drleqf.o(x$fpl$drleqf)
    _drcmple                                 0x080038e5   Thumb Code   108  drleqf.o(x$fpl$drleqf)
    __aeabi_drsub                            0x08003951   Thumb Code     0  daddsub_clz.o(x$fpl$drsb)
    _drsb                                    0x08003951   Thumb Code    22  daddsub_clz.o(x$fpl$drsb)
    __aeabi_dsub                             0x08003969   Thumb Code     0  daddsub_clz.o(x$fpl$dsub)
    _dsub                                    0x08003969   Thumb Code   464  daddsub_clz.o(x$fpl$dsub)
    __aeabi_f2d                              0x08003b3d   Thumb Code     0  f2d.o(x$fpl$f2d)
    _f2d                                     0x08003b3d   Thumb Code    86  f2d.o(x$fpl$f2d)
    __fpl_fnaninf                            0x08003b93   Thumb Code   140  fnaninf.o(x$fpl$fnaninf)
    _fp_init                                 0x08003c1f   Thumb Code    10  fpinit.o(x$fpl$fpinit)
    __fplib_config_fpu_vfp                   0x08003c27   Thumb Code     0  fpinit.o(x$fpl$fpinit)
    __fplib_config_pureend_doubles           0x08003c27   Thumb Code     0  fpinit.o(x$fpl$fpinit)
    __fpl_fretinf                            0x08003c29   Thumb Code    10  fretinf.o(x$fpl$fretinf)
    _printf_fp_dec                           0x08003c33   Thumb Code     4  printf1.o(x$fpl$printf1)
    AHBPrescTable                            0x08003c36   Data          16  system_stm32f4xx.o(.constdata)
    __I$use$fp                               0x08003c36   Number         0  usenofp.o(x$fpl$usenofp)
    Region$$Table$$Base                      0x08003dfc   Number         0  anon$$obj.o(Region$$Table)
    Region$$Table$$Limit                     0x08003e1c   Number         0  anon$$obj.o(Region$$Table)
    ADC_DATA                                 0x20000000   Data           2  main.o(.data)
    counter                                  0x20000004   Data           4  interrupts.o(.data)
    counterred                               0x20000008   Data           4  interrupts.o(.data)
    buffer                                   0x2000000c   Data           4  interrupts.o(.data)
    counterbutton                            0x20000010   Data           4  interrupts.o(.data)
    total                                    0x20000014   Data           4  interrupts.o(.data)
    count1                                   0x20000018   Data           4  interrupts.o(.data)
    done                                     0x2000001c   Data           1  interrupts.o(.data)
    redcount                                 0x20000020   Data           1  led.o(.data)
    bluecount                                0x20000021   Data           1  led.o(.data)
    greencount                               0x20000022   Data           1  led.o(.data)
    sum1                                     0x20000024   Data           4  led.o(.data)
    press                                    0x20000028   Data           1  switch.o(.data)
    SystemCoreClock                          0x2000002c   Data           4  system_stm32f4xx.o(.data)
    __libspace_start                         0x20000030   Data          96  libspace.o(.bss)
    __temporary_stack_top$libspace           0x20000090   Data           0  libspace.o(.bss)



==============================================================================

Memory Map of the image

  Image Entry point : 0x08000265

  Load Region LR_1 (Base: 0x08000000, Size: 0x00003e68, Max: 0xffffffff, ABSOLUTE)

    Execution Region ER_RO (Exec base: 0x08000000, Load base: 0x08000000, Size: 0x00003e38, Max: 0xffffffff, ABSOLUTE)

    Exec Addr    Load Addr    Size         Type   Attr      Idx    E Section Name        Object

    0x08000000   0x08000000   0x000001ac   Data   RO          567    RESET               startup_stm32f429xx.o
    0x080001ac   0x080001ac   0x00000008   Code   RO          644  * !!!main             c_w.l(__main.o)
    0x080001b4   0x080001b4   0x00000034   Code   RO          953    !!!scatter          c_w.l(__scatter.o)
    0x080001e8   0x080001e8   0x0000001a   Code   RO          955    !!handler_copy      c_w.l(__scatter_copy.o)
    0x08000202   0x08000202   0x00000002   PAD
    0x08000204   0x08000204   0x0000001c   Code   RO          957    !!handler_zi        c_w.l(__scatter_zi.o)
    0x08000220   0x08000220   0x00000000   Code   RO          639    .ARM.Collect$$_printf_percent$$00000000  c_w.l(_printf_percent.o)
    0x08000220   0x08000220   0x00000006   Code   RO          638    .ARM.Collect$$_printf_percent$$00000003  c_w.l(_printf_f.o)
    0x08000226   0x08000226   0x00000004   Code   RO          693    .ARM.Collect$$_printf_percent$$00000017  c_w.l(_printf_percent_end.o)
    0x0800022a   0x0800022a   0x00000002   Code   RO          826    .ARM.Collect$$libinit$$00000000  c_w.l(libinit.o)
    0x0800022c   0x0800022c   0x00000004   Code   RO          827    .ARM.Collect$$libinit$$00000001  c_w.l(libinit2.o)
    0x08000230   0x08000230   0x00000000   Code   RO          830    .ARM.Collect$$libinit$$00000004  c_w.l(libinit2.o)
    0x08000230   0x08000230   0x00000000   Code   RO          833    .ARM.Collect$$libinit$$0000000A  c_w.l(libinit2.o)
    0x08000230   0x08000230   0x00000000   Code   RO          835    .ARM.Collect$$libinit$$0000000C  c_w.l(libinit2.o)
    0x08000230   0x08000230   0x00000000   Code   RO          837    .ARM.Collect$$libinit$$0000000E  c_w.l(libinit2.o)
    0x08000230   0x08000230   0x00000006   Code   RO          838    .ARM.Collect$$libinit$$0000000F  c_w.l(libinit2.o)
    0x08000236   0x08000236   0x00000000   Code   RO          840    .ARM.Collect$$libinit$$00000011  c_w.l(libinit2.o)
    0x08000236   0x08000236   0x00000000   Code   RO          842    .ARM.Collect$$libinit$$00000013  c_w.l(libinit2.o)
    0x08000236   0x08000236   0x00000000   Code   RO          844    .ARM.Collect$$libinit$$00000015  c_w.l(libinit2.o)
    0x08000236   0x08000236   0x0000000a   Code   RO          845    .ARM.Collect$$libinit$$00000016  c_w.l(libinit2.o)
    0x08000240   0x08000240   0x00000000   Code   RO          846    .ARM.Collect$$libinit$$00000017  c_w.l(libinit2.o)
    0x08000240   0x08000240   0x00000000   Code   RO          848    .ARM.Collect$$libinit$$00000019  c_w.l(libinit2.o)
    0x08000240   0x08000240   0x00000000   Code   RO          850    .ARM.Collect$$libinit$$0000001B  c_w.l(libinit2.o)
    0x08000240   0x08000240   0x00000000   Code   RO          852    .ARM.Collect$$libinit$$0000001D  c_w.l(libinit2.o)
    0x08000240   0x08000240   0x00000000   Code   RO          854    .ARM.Collect$$libinit$$0000001F  c_w.l(libinit2.o)
    0x08000240   0x08000240   0x00000000   Code   RO          856    .ARM.Collect$$libinit$$00000021  c_w.l(libinit2.o)
    0x08000240   0x08000240   0x00000000   Code   RO          858    .ARM.Collect$$libinit$$00000023  c_w.l(libinit2.o)
    0x08000240   0x08000240   0x00000000   Code   RO          860    .ARM.Collect$$libinit$$00000025  c_w.l(libinit2.o)
    0x08000240   0x08000240   0x00000000   Code   RO          864    .ARM.Collect$$libinit$$0000002C  c_w.l(libinit2.o)
    0x08000240   0x08000240   0x00000000   Code   RO          866    .ARM.Collect$$libinit$$0000002E  c_w.l(libinit2.o)
    0x08000240   0x08000240   0x00000000   Code   RO          868    .ARM.Collect$$libinit$$00000030  c_w.l(libinit2.o)
    0x08000240   0x08000240   0x00000000   Code   RO          870    .ARM.Collect$$libinit$$00000032  c_w.l(libinit2.o)
    0x08000240   0x08000240   0x00000002   Code   RO          871    .ARM.Collect$$libinit$$00000033  c_w.l(libinit2.o)
    0x08000242   0x08000242   0x00000002   Code   RO          901    .ARM.Collect$$libshutdown$$00000000  c_w.l(libshutdown.o)
    0x08000244   0x08000244   0x00000000   Code   RO          912    .ARM.Collect$$libshutdown$$00000002  c_w.l(libshutdown2.o)
    0x08000244   0x08000244   0x00000000   Code   RO          914    .ARM.Collect$$libshutdown$$00000004  c_w.l(libshutdown2.o)
    0x08000244   0x08000244   0x00000000   Code   RO          917    .ARM.Collect$$libshutdown$$00000007  c_w.l(libshutdown2.o)
    0x08000244   0x08000244   0x00000000   Code   RO          920    .ARM.Collect$$libshutdown$$0000000A  c_w.l(libshutdown2.o)
    0x08000244   0x08000244   0x00000000   Code   RO          922    .ARM.Collect$$libshutdown$$0000000C  c_w.l(libshutdown2.o)
    0x08000244   0x08000244   0x00000000   Code   RO          925    .ARM.Collect$$libshutdown$$0000000F  c_w.l(libshutdown2.o)
    0x08000244   0x08000244   0x00000002   Code   RO          926    .ARM.Collect$$libshutdown$$00000010  c_w.l(libshutdown2.o)
    0x08000246   0x08000246   0x00000000   Code   RO          684    .ARM.Collect$$rtentry$$00000000  c_w.l(__rtentry.o)
    0x08000246   0x08000246   0x00000000   Code   RO          736    .ARM.Collect$$rtentry$$00000002  c_w.l(__rtentry2.o)
    0x08000246   0x08000246   0x00000006   Code   RO          748    .ARM.Collect$$rtentry$$00000004  c_w.l(__rtentry4.o)
    0x0800024c   0x0800024c   0x00000000   Code   RO          738    .ARM.Collect$$rtentry$$00000009  c_w.l(__rtentry2.o)
    0x0800024c   0x0800024c   0x00000004   Code   RO          739    .ARM.Collect$$rtentry$$0000000A  c_w.l(__rtentry2.o)
    0x08000250   0x08000250   0x00000000   Code   RO          741    .ARM.Collect$$rtentry$$0000000C  c_w.l(__rtentry2.o)
    0x08000250   0x08000250   0x00000008   Code   RO          742    .ARM.Collect$$rtentry$$0000000D  c_w.l(__rtentry2.o)
    0x08000258   0x08000258   0x00000002   Code   RO          872    .ARM.Collect$$rtexit$$00000000  c_w.l(rtexit.o)
    0x0800025a   0x0800025a   0x00000000   Code   RO          879    .ARM.Collect$$rtexit$$00000002  c_w.l(rtexit2.o)
    0x0800025a   0x0800025a   0x00000004   Code   RO          880    .ARM.Collect$$rtexit$$00000003  c_w.l(rtexit2.o)
    0x0800025e   0x0800025e   0x00000006   Code   RO          881    .ARM.Collect$$rtexit$$00000004  c_w.l(rtexit2.o)
    0x08000264   0x08000264   0x00000040   Code   RO          568  * .text               startup_stm32f429xx.o
    0x080002a4   0x080002a4   0x00000028   Code   RO          614    .text               c_w.l(noretval__2sprintf.o)
    0x080002cc   0x080002cc   0x0000010e   Code   RO          626    .text               c_w.l(__printf_wp.o)
    0x080003da   0x080003da   0x0000003e   Code   RO          640    .text               c_w.l(strlen.o)
    0x08000418   0x08000418   0x00000006   Code   RO          642    .text               c_w.l(heapauxi.o)
    0x0800041e   0x0800041e   0x00000016   Code   RO          685    .text               c_w.l(_rserrno.o)
    0x08000434   0x08000434   0x0000041e   Code   RO          687    .text               c_w.l(_printf_fp_dec.o)
    0x08000852   0x08000852   0x00000002   PAD
    0x08000854   0x08000854   0x00000030   Code   RO          689    .text               c_w.l(_printf_char_common.o)
    0x08000884   0x08000884   0x0000000a   Code   RO          691    .text               c_w.l(_sputc.o)
    0x0800088e   0x0800088e   0x00000002   PAD
    0x08000890   0x08000890   0x00000008   Code   RO          753    .text               c_w.l(rt_locale_intlibspace.o)
    0x08000898   0x08000898   0x00000008   Code   RO          758    .text               c_w.l(rt_errno_addr_intlibspace.o)
    0x080008a0   0x080008a0   0x0000008a   Code   RO          760    .text               c_w.l(lludiv10.o)
    0x0800092a   0x0800092a   0x00000002   PAD
    0x0800092c   0x0800092c   0x00000080   Code   RO          762    .text               c_w.l(_printf_fp_infnan.o)
    0x080009ac   0x080009ac   0x000000e4   Code   RO          766    .text               c_w.l(bigflt0.o)
    0x08000a90   0x08000a90   0x00000008   Code   RO          812    .text               c_w.l(libspace.o)
    0x08000a98   0x08000a98   0x0000004a   Code   RO          815    .text               c_w.l(sys_stackheap_outer.o)
    0x08000ae2   0x08000ae2   0x00000012   Code   RO          817    .text               c_w.l(exit.o)
    0x08000af4   0x08000af4   0x00000080   Code   RO          819    .text               c_w.l(strcmpv7m.o)
    0x08000b74   0x08000b74   0x0000000c   Code   RO          891    .text               c_w.l(sys_exit.o)
    0x08000b80   0x08000b80   0x00000002   Code   RO          902    .text               c_w.l(use_no_semi.o)
    0x08000b82   0x08000b82   0x00000000   Code   RO          904    .text               c_w.l(indicate_semi.o)
    0x08000b82   0x08000b82   0x0000003e   Code   RO          769    CL$$btod_d2e        c_w.l(btod.o)
    0x08000bc0   0x08000bc0   0x00000046   Code   RO          771    CL$$btod_d2e_denorm_low  c_w.l(btod.o)
    0x08000c06   0x08000c06   0x00000060   Code   RO          770    CL$$btod_d2e_norm_op1  c_w.l(btod.o)
    0x08000c66   0x08000c66   0x00000338   Code   RO          779    CL$$btod_div_common  c_w.l(btod.o)
    0x08000f9e   0x08000f9e   0x000000dc   Code   RO          776    CL$$btod_e2e        c_w.l(btod.o)
    0x0800107a   0x0800107a   0x0000002a   Code   RO          773    CL$$btod_ediv       c_w.l(btod.o)
    0x080010a4   0x080010a4   0x0000002a   Code   RO          772    CL$$btod_emul       c_w.l(btod.o)
    0x080010ce   0x080010ce   0x00000244   Code   RO          778    CL$$btod_mult_common  c_w.l(btod.o)
    0x08001312   0x08001312   0x00000002   PAD
    0x08001314   0x08001314   0x000000f8   Code   RO            4    i.ActualVoltage     adc.o
    0x0800140c   0x0800140c   0x00000564   Code   RO            5    i.AnalogueSignal    adc.o
    0x08001970   0x08001970   0x00000054   Code   RO          446    i.AnalogueSignalUsart  usart.o
    0x080019c4   0x080019c4   0x000000a8   Code   RO          447    i.DisplayVoltageUsart  usart.o
    0x08001a6c   0x08001a6c   0x00000028   Code   RO          235    i.EXTI15_10_IRQHandler  interrupts.o
    0x08001a94   0x08001a94   0x00000024   Code   RO          175    i.LCD_strobe        lcd.o
    0x08001ab8   0x08001ab8   0x00000054   Code   RO          332    i.LED_INIT          led.o
    0x08001b0c   0x08001b0c   0x000000a0   Code   RO          124    i.PLL_Config        main.o
    0x08001bac   0x08001bac   0x000000c0   Code   RO          448    i.SineWaveUsart     usart.o
    0x08001c6c   0x08001c6c   0x0000007c   Code   RO          449    i.SquareWaveUsart   usart.o
    0x08001ce8   0x08001ce8   0x000000c0   Code   RO          575    i.SystemCoreClockUpdate  system_stm32f4xx.o
    0x08001da8   0x08001da8   0x00000064   Code   RO          576    i.SystemInit        system_stm32f4xx.o
    0x08001e0c   0x08001e0c   0x000001b0   Code   RO          236    i.TIM2_IRQHandler   interrupts.o
    0x08001fbc   0x08001fbc   0x00000014   Code   RO          237    i.TIM3_IRQHandler   interrupts.o
    0x08001fd0   0x08001fd0   0x00000050   Code   RO          238    i.Timer2setup       interrupts.o
    0x08002020   0x08002020   0x00000060   Code   RO          239    i.Timer3setup       interrupts.o
    0x08002080   0x08002080   0x00000020   Code   RO          334    i.Toggle_Green      led.o
    0x080020a0   0x080020a0   0x00000020   Code   RO          335    i.Toggle_Red        led.o
    0x080020c0   0x080020c0   0x00000070   Code   RO          450    i.TriangleWaveUsart  usart.o
    0x08002130   0x08002130   0x00000002   Code   RO          240    i.USART3_IRQHandler  interrupts.o
    0x08002132   0x08002132   0x00000024   Code   RO          451    i.USART_SendString  usart.o
    0x08002156   0x08002156   0x00000002   PAD
    0x08002158   0x08002158   0x00000020   Code   RO          241    i.UsartInterrupt    interrupts.o
    0x08002178   0x08002178   0x0000014c   Code   RO          452    i.UsartMenu         usart.o
    0x080022c4   0x080022c4   0x00000070   Code   RO          176    i.WaitLcdBusy       lcd.o
    0x08002334   0x08002334   0x00000030   Code   RO          808    i.__ARM_fpclassify  m_wm.l(fpclassify.o)
    0x08002364   0x08002364   0x00000022   Code   RO          242    i.__NVIC_EnableIRQ  interrupts.o
    0x08002386   0x08002386   0x00000002   PAD
    0x08002388   0x08002388   0x000000c8   Code   RO          672    i.__hardfp_sin      m_wm.l(sin.o)
    0x08002450   0x08002450   0x00000438   Code   RO          724    i.__ieee754_rem_pio2  m_wm.l(rred.o)
    0x08002888   0x08002888   0x00000170   Code   RO          707    i.__kernel_cos      m_wm.l(cos_i.o)
    0x080029f8   0x080029f8   0x000000f8   Code   RO          810    i.__kernel_poly     m_wm.l(poly.o)
    0x08002af0   0x08002af0   0x00000130   Code   RO          729    i.__kernel_sin      m_wm.l(sin_i.o)
    0x08002c20   0x08002c20   0x00000014   Code   RO          711    i.__mathlib_dbl_infnan  m_wm.l(dunder.o)
    0x08002c34   0x08002c34   0x00000004   PAD
    0x08002c38   0x08002c38   0x00000020   Code   RO          713    i.__mathlib_dbl_invalid  m_wm.l(dunder.o)
    0x08002c58   0x08002c58   0x00000020   Code   RO          716    i.__mathlib_dbl_underflow  m_wm.l(dunder.o)
    0x08002c78   0x08002c78   0x0000000e   Code   RO          628    i._is_digit         c_w.l(__printf_wp.o)
    0x08002c86   0x08002c86   0x00000002   PAD
    0x08002c88   0x08002c88   0x00000078   Code   RO          243    i.button2           interrupts.o
    0x08002d00   0x08002d00   0x00000024   Code   RO          177    i.cmdLCD            lcd.o
    0x08002d24   0x08002d24   0x0000001c   Code   RO          340    i.delay_100ms_blocking  led.o
    0x08002d40   0x08002d40   0x00000018   Code   RO          804    i.fabs              m_wm.l(fabs.o)
    0x08002d58   0x08002d58   0x00000024   Code   RO          341    i.green_off         led.o
    0x08002d7c   0x08002d7c   0x00000024   Code   RO          342    i.green_on          led.o
    0x08002da0   0x08002da0   0x00000070   Code   RO          178    i.initLCD           lcd.o
    0x08002e10   0x08002e10   0x0000006c   Code   RO            6    i.init_ADC          adc.o
    0x08002e7c   0x08002e7c   0x00000044   Code   RO           91    i.init_DAC          dac.o
    0x08002ec0   0x08002ec0   0x000000d0   Code   RO          453    i.init_USART        usart.o
    0x08002f90   0x08002f90   0x00000030   Code   RO          179    i.lcd_delayus       lcd.o
    0x08002fc0   0x08002fc0   0x00000036   Code   RO          125    i.main              main.o
    0x08002ff6   0x08002ff6   0x00000002   PAD
    0x08002ff8   0x08002ff8   0x0000000c   Code   RO           92    i.output_dac        dac.o
    0x08003004   0x08003004   0x0000002c   Code   RO          541    i.pressed           switch.o
    0x08003030   0x08003030   0x00000024   Code   RO          180    i.putLCD            lcd.o
    0x08003054   0x08003054   0x00000028   Code   RO            7    i.read_adc          adc.o
    0x0800307c   0x0800307c   0x00000024   Code   RO          344    i.red_off           led.o
    0x080030a0   0x080030a0   0x00000024   Code   RO          345    i.red_on            led.o
    0x080030c4   0x080030c4   0x00000024   Code   RO          455    i.send_usart        usart.o
    0x080030e8   0x080030e8   0x00000014   Code   RO          181    i.set_LCD_data      lcd.o
    0x080030fc   0x080030fc   0x0000002c   Code   RO          792    locale$$code        c_w.l(lc_numeric_c.o)
    0x08003128   0x08003128   0x00000018   Code   RO          694    x$fpl$basic         fz_wm.l(basic.o)
    0x08003140   0x08003140   0x00000062   Code   RO          646    x$fpl$d2f           fz_wm.l(d2f.o)
    0x080031a2   0x080031a2   0x00000002   PAD
    0x080031a4   0x080031a4   0x00000150   Code   RO          794    x$fpl$dadd          fz_wm.l(daddsub_clz.o)
    0x080032f4   0x080032f4   0x00000018   Code   RO          696    x$fpl$dcmpinf       fz_wm.l(dcmpi.o)
    0x0800330c   0x0800330c   0x000002b0   Code   RO          649    x$fpl$ddiv          fz_wm.l(ddiv.o)
    0x080035bc   0x080035bc   0x0000005e   Code   RO          652    x$fpl$dfix          fz_wm.l(dfix.o)
    0x0800361a   0x0800361a   0x0000002e   Code   RO          657    x$fpl$dflt          fz_wm.l(dflt_clz.o)
    0x08003648   0x08003648   0x00000026   Code   RO          656    x$fpl$dfltu         fz_wm.l(dflt_clz.o)
    0x0800366e   0x0800366e   0x00000002   PAD
    0x08003670   0x08003670   0x00000078   Code   RO          662    x$fpl$dleqf         fz_wm.l(dleqf.o)
    0x080036e8   0x080036e8   0x00000154   Code   RO          664    x$fpl$dmul          fz_wm.l(dmul.o)
    0x0800383c   0x0800383c   0x0000009c   Code   RO          698    x$fpl$dnaninf       fz_wm.l(dnaninf.o)
    0x080038d8   0x080038d8   0x0000000c   Code   RO          700    x$fpl$dretinf       fz_wm.l(dretinf.o)
    0x080038e4   0x080038e4   0x0000006c   Code   RO          666    x$fpl$drleqf        fz_wm.l(drleqf.o)
    0x08003950   0x08003950   0x00000016   Code   RO          795    x$fpl$drsb          fz_wm.l(daddsub_clz.o)
    0x08003966   0x08003966   0x00000002   PAD
    0x08003968   0x08003968   0x000001d4   Code   RO          796    x$fpl$dsub          fz_wm.l(daddsub_clz.o)
    0x08003b3c   0x08003b3c   0x00000056   Code   RO          668    x$fpl$f2d           fz_wm.l(f2d.o)
    0x08003b92   0x08003b92   0x0000008c   Code   RO          702    x$fpl$fnaninf       fz_wm.l(fnaninf.o)
    0x08003c1e   0x08003c1e   0x0000000a   Code   RO          876    x$fpl$fpinit        fz_wm.l(fpinit.o)
    0x08003c28   0x08003c28   0x0000000a   Code   RO          704    x$fpl$fretinf       fz_wm.l(fretinf.o)
    0x08003c32   0x08003c32   0x00000004   Code   RO          670    x$fpl$printf1       fz_wm.l(printf1.o)
    0x08003c36   0x08003c36   0x00000000   Code   RO          706    x$fpl$usenofp       fz_wm.l(usenofp.o)
    0x08003c36   0x08003c36   0x00000010   Data   RO          577    .constdata          system_stm32f4xx.o
    0x08003c46   0x08003c46   0x00000002   PAD
    0x08003c48   0x08003c48   0x00000030   Data   RO          708    .constdata          m_wm.l(cos_i.o)
    0x08003c78   0x08003c78   0x000000c8   Data   RO          726    .constdata          m_wm.l(rred.o)
    0x08003d40   0x08003d40   0x00000028   Data   RO          730    .constdata          m_wm.l(sin_i.o)
    0x08003d68   0x08003d68   0x00000094   Data   RO          767    .constdata          c_w.l(bigflt0.o)
    0x08003dfc   0x08003dfc   0x00000020   Data   RO          951    Region$$Table       anon$$obj.o
    0x08003e1c   0x08003e1c   0x0000001c   Data   RO          791    locale$$data        c_w.l(lc_numeric_c.o)


    Execution Region ER_RW (Exec base: 0x20000000, Load base: 0x08003e38, Size: 0x00000030, Max: 0xffffffff, ABSOLUTE)

    Exec Addr    Load Addr    Size         Type   Attr      Idx    E Section Name        Object

    0x20000000   0x08003e38   0x00000002   Data   RW          126    .data               main.o
    0x20000002   0x08003e3a   0x00000002   PAD
    0x20000004   0x08003e3c   0x00000019   Data   RW          246    .data               interrupts.o
    0x2000001d   0x08003e55   0x00000003   PAD
    0x20000020   0x08003e58   0x00000008   Data   RW          347    .data               led.o
    0x20000028   0x08003e60   0x00000001   Data   RW          542    .data               switch.o
    0x20000029   0x08003e61   0x00000003   PAD
    0x2000002c   0x08003e64   0x00000004   Data   RW          578    .data               system_stm32f4xx.o


    Execution Region ER_ZI (Exec base: 0x20000030, Load base: 0x08003e68, Size: 0x00000660, Max: 0xffffffff, ABSOLUTE)

    Exec Addr    Load Addr    Size         Type   Attr      Idx    E Section Name        Object

    0x20000030        -       0x00000060   Zero   RW          813    .bss                c_w.l(libspace.o)
    0x20000090        -       0x00000200   Zero   RW          566    HEAP                startup_stm32f429xx.o
    0x20000290        -       0x00000400   Zero   RW          565    STACK               startup_stm32f429xx.o


==============================================================================

Image component sizes


      Code (inc. data)   RO Data    RW Data    ZI Data      Debug   Object Name

      1776         70          0          0          0     618355   adc.o
        80         20          0          0          0       1008   dac.o
       856        154          0         25          0       5434   interrupts.o
       400         50          0          0          0       3932   lcd.o
       320         62          0          8          0       4365   led.o
       214         18          0          2          0       1367   main.o
        64         26        428          0       1536        928   startup_stm32f429xx.o
        44          4          0          1          0        786   switch.o
       292         40         16          4          0       2265   system_stm32f4xx.o
      1292        336          0          0          0       5883   usart.o

    ----------------------------------------------------------------------
      5344        780        478         48       1536     644323   Object Totals
         0          0         32          0          0          0   (incl. Generated)
         6          0          2          8          0          0   (incl. Padding)

    ----------------------------------------------------------------------

      Code (inc. data)   RO Data    RW Data    ZI Data      Debug   Library Member Name

         8          0          0          0          0         68   __main.o
       284          0          0          0          0        156   __printf_wp.o
         0          0          0          0          0          0   __rtentry.o
        12          0          0          0          0          0   __rtentry2.o
         6          0          0          0          0          0   __rtentry4.o
        52          8          0          0          0          0   __scatter.o
        26          0          0          0          0          0   __scatter_copy.o
        28          0          0          0          0          0   __scatter_zi.o
        48          6          0          0          0         96   _printf_char_common.o
         6          0          0          0          0          0   _printf_f.o
      1054          0          0          0          0        216   _printf_fp_dec.o
       128         16          0          0          0         84   _printf_fp_infnan.o
         0          0          0          0          0          0   _printf_percent.o
         4          0          0          0          0          0   _printf_percent_end.o
        22          0          0          0          0        100   _rserrno.o
        10          0          0          0          0         68   _sputc.o
       228          4        148          0          0         96   bigflt0.o
      1936        128          0          0          0        672   btod.o
        18          0          0          0          0         80   exit.o
         6          0          0          0          0        152   heapauxi.o
         0          0          0          0          0          0   indicate_semi.o
        44         10         28          0          0         76   lc_numeric_c.o
         2          0          0          0          0          0   libinit.o
        22          0          0          0          0          0   libinit2.o
         2          0          0          0          0          0   libshutdown.o
         2          0          0          0          0          0   libshutdown2.o
         8          4          0          0         96         68   libspace.o
       138          0          0          0          0         80   lludiv10.o
        40          6          0          0          0         84   noretval__2sprintf.o
         8          4          0          0          0         68   rt_errno_addr_intlibspace.o
         8          4          0          0          0         68   rt_locale_intlibspace.o
         2          0          0          0          0          0   rtexit.o
        10          0          0          0          0          0   rtexit2.o
       128          0          0          0          0         68   strcmpv7m.o
        62          0          0          0          0         76   strlen.o
        12          4          0          0          0         68   sys_exit.o
        74          0          0          0          0         80   sys_stackheap_outer.o
         2          0          0          0          0         68   use_no_semi.o
        24          0          0          0          0        164   basic.o
        98          4          0          0          0        140   d2f.o
       826         16          0          0          0        492   daddsub_clz.o
        24          0          0          0          0        116   dcmpi.o
       688        140          0          0          0        256   ddiv.o
        94          4          0          0          0        140   dfix.o
        84          0          0          0          0        232   dflt_clz.o
       120          4          0          0          0        140   dleqf.o
       340         12          0          0          0        152   dmul.o
       156          4          0          0          0        140   dnaninf.o
        12          0          0          0          0        116   dretinf.o
       108          0          0          0          0        128   drleqf.o
        86          4          0          0          0        132   f2d.o
       140          4          0          0          0        132   fnaninf.o
        10          0          0          0          0        116   fpinit.o
        10          0          0          0          0        116   fretinf.o
         4          0          0          0          0        116   printf1.o
         0          0          0          0          0          0   usenofp.o
       368         46         48          0          0        200   cos_i.o
        84         16          0          0          0        372   dunder.o
        24          0          0          0          0        124   fabs.o
        48          0          0          0          0        124   fpclassify.o
       248          0          0          0          0        152   poly.o
      1080        142        200          0          0        188   rred.o
       200         20          0          0          0        164   sin.o
       304         24         40          0          0        208   sin_i.o

    ----------------------------------------------------------------------
      9642        634        464          0         96       6952   Library Totals
        22          0          0          0          0          0   (incl. Padding)

    ----------------------------------------------------------------------

      Code (inc. data)   RO Data    RW Data    ZI Data      Debug   Library Name

      4440        194        176          0         96       2592   c_w.l
      2824        192          0          0          0       2828   fz_wm.l
      2356        248        288          0          0       1532   m_wm.l

    ----------------------------------------------------------------------
      9642        634        464          0         96       6952   Library Totals

    ----------------------------------------------------------------------

==============================================================================


      Code (inc. data)   RO Data    RW Data    ZI Data      Debug   

     14986       1414        942         48       1632     643371   Grand Totals
     14986       1414        942         48       1632     643371   ELF Image Totals
     14986       1414        942         48          0          0   ROM Totals

==============================================================================

    Total RO  Size (Code + RO Data)                15928 (  15.55kB)
    Total RW  Size (RW Data + ZI Data)              1680 (   1.64kB)
    Total ROM Size (Code + RO Data + RW Data)      15976 (  15.60kB)

==============================================================================

